Archive member included because of file (symbol)

/usr/local/gcc-arm-none-eabi-4_9-2015q1/bin/../lib/gcc/arm-none-eabi/4.9.3/../../../../arm-none-eabi/lib/armv6-m/libc_nano.a(lib_a-exit.o)
                              /usr/local/gcc-arm-none-eabi-4_9-2015q1/bin/../lib/gcc/arm-none-eabi/4.9.3/../../../../arm-none-eabi/lib/armv6-m/crt0.o (exit)
/usr/local/gcc-arm-none-eabi-4_9-2015q1/bin/../lib/gcc/arm-none-eabi/4.9.3/../../../../arm-none-eabi/lib/armv6-m/libc_nano.a(lib_a-impure.o)
                              /usr/local/gcc-arm-none-eabi-4_9-2015q1/bin/../lib/gcc/arm-none-eabi/4.9.3/../../../../arm-none-eabi/lib/armv6-m/libc_nano.a(lib_a-exit.o) (_global_impure_ptr)
/usr/local/gcc-arm-none-eabi-4_9-2015q1/bin/../lib/gcc/arm-none-eabi/4.9.3/../../../../arm-none-eabi/lib/armv6-m/libc_nano.a(lib_a-init.o)
                              /usr/local/gcc-arm-none-eabi-4_9-2015q1/bin/../lib/gcc/arm-none-eabi/4.9.3/../../../../arm-none-eabi/lib/armv6-m/crt0.o (__libc_init_array)
/usr/local/gcc-arm-none-eabi-4_9-2015q1/bin/../lib/gcc/arm-none-eabi/4.9.3/../../../../arm-none-eabi/lib/armv6-m/libc_nano.a(lib_a-memset.o)
                              /usr/local/gcc-arm-none-eabi-4_9-2015q1/bin/../lib/gcc/arm-none-eabi/4.9.3/../../../../arm-none-eabi/lib/armv6-m/crt0.o (memset)
/usr/local/gcc-arm-none-eabi-4_9-2015q1/bin/../lib/gcc/arm-none-eabi/4.9.3/../../../../arm-none-eabi/lib/armv6-m/libnosys.a(_exit.o)
                              /usr/local/gcc-arm-none-eabi-4_9-2015q1/bin/../lib/gcc/arm-none-eabi/4.9.3/../../../../arm-none-eabi/lib/armv6-m/libc_nano.a(lib_a-exit.o) (_exit)
/usr/local/gcc-arm-none-eabi-4_9-2015q1/bin/../lib/gcc/arm-none-eabi/4.9.3/../../../../arm-none-eabi/lib/armv6-m/libc_nano.a(lib_a-memcpy.o)
                              _build/gpio.o (memcpy)
/usr/local/gcc-arm-none-eabi-4_9-2015q1/bin/../lib/gcc/arm-none-eabi/4.9.3/../../../../arm-none-eabi/lib/armv6-m/libc_nano.a(lib_a-printf.o)
                              _build/sofa.o (printf)
/usr/local/gcc-arm-none-eabi-4_9-2015q1/bin/../lib/gcc/arm-none-eabi/4.9.3/../../../../arm-none-eabi/lib/armv6-m/libc_nano.a(lib_a-findfp.o)
                              /usr/local/gcc-arm-none-eabi-4_9-2015q1/bin/../lib/gcc/arm-none-eabi/4.9.3/../../../../arm-none-eabi/lib/armv6-m/libc_nano.a(lib_a-printf.o) (__sinit)
/usr/local/gcc-arm-none-eabi-4_9-2015q1/bin/../lib/gcc/arm-none-eabi/4.9.3/../../../../arm-none-eabi/lib/armv6-m/libc_nano.a(lib_a-fwalk.o)
                              /usr/local/gcc-arm-none-eabi-4_9-2015q1/bin/../lib/gcc/arm-none-eabi/4.9.3/../../../../arm-none-eabi/lib/armv6-m/libc_nano.a(lib_a-findfp.o) (_fwalk)
/usr/local/gcc-arm-none-eabi-4_9-2015q1/bin/../lib/gcc/arm-none-eabi/4.9.3/../../../../arm-none-eabi/lib/armv6-m/libc_nano.a(lib_a-nano-mallocr.o)
                              /usr/local/gcc-arm-none-eabi-4_9-2015q1/bin/../lib/gcc/arm-none-eabi/4.9.3/../../../../arm-none-eabi/lib/armv6-m/libc_nano.a(lib_a-findfp.o) (_malloc_r)
/usr/local/gcc-arm-none-eabi-4_9-2015q1/bin/../lib/gcc/arm-none-eabi/4.9.3/../../../../arm-none-eabi/lib/armv6-m/libc_nano.a(lib_a-nano-vfprintf.o)
                              /usr/local/gcc-arm-none-eabi-4_9-2015q1/bin/../lib/gcc/arm-none-eabi/4.9.3/../../../../arm-none-eabi/lib/armv6-m/libc_nano.a(lib_a-printf.o) (_vfprintf_r)
/usr/local/gcc-arm-none-eabi-4_9-2015q1/bin/../lib/gcc/arm-none-eabi/4.9.3/../../../../arm-none-eabi/lib/armv6-m/libc_nano.a(lib_a-nano-vfprintf_i.o)
                              /usr/local/gcc-arm-none-eabi-4_9-2015q1/bin/../lib/gcc/arm-none-eabi/4.9.3/../../../../arm-none-eabi/lib/armv6-m/libc_nano.a(lib_a-nano-vfprintf.o) (_printf_i)
/usr/local/gcc-arm-none-eabi-4_9-2015q1/bin/../lib/gcc/arm-none-eabi/4.9.3/../../../../arm-none-eabi/lib/armv6-m/libc_nano.a(lib_a-sbrkr.o)
                              /usr/local/gcc-arm-none-eabi-4_9-2015q1/bin/../lib/gcc/arm-none-eabi/4.9.3/../../../../arm-none-eabi/lib/armv6-m/libc_nano.a(lib_a-nano-mallocr.o) (_sbrk_r)
/usr/local/gcc-arm-none-eabi-4_9-2015q1/bin/../lib/gcc/arm-none-eabi/4.9.3/../../../../arm-none-eabi/lib/armv6-m/libc_nano.a(lib_a-stdio.o)
                              /usr/local/gcc-arm-none-eabi-4_9-2015q1/bin/../lib/gcc/arm-none-eabi/4.9.3/../../../../arm-none-eabi/lib/armv6-m/libc_nano.a(lib_a-findfp.o) (__sread)
/usr/local/gcc-arm-none-eabi-4_9-2015q1/bin/../lib/gcc/arm-none-eabi/4.9.3/../../../../arm-none-eabi/lib/armv6-m/libc_nano.a(lib_a-wbuf.o)
                              /usr/local/gcc-arm-none-eabi-4_9-2015q1/bin/../lib/gcc/arm-none-eabi/4.9.3/../../../../arm-none-eabi/lib/armv6-m/libc_nano.a(lib_a-nano-vfprintf.o) (__swbuf_r)
/usr/local/gcc-arm-none-eabi-4_9-2015q1/bin/../lib/gcc/arm-none-eabi/4.9.3/../../../../arm-none-eabi/lib/armv6-m/libc_nano.a(lib_a-writer.o)
                              /usr/local/gcc-arm-none-eabi-4_9-2015q1/bin/../lib/gcc/arm-none-eabi/4.9.3/../../../../arm-none-eabi/lib/armv6-m/libc_nano.a(lib_a-stdio.o) (_write_r)
/usr/local/gcc-arm-none-eabi-4_9-2015q1/bin/../lib/gcc/arm-none-eabi/4.9.3/../../../../arm-none-eabi/lib/armv6-m/libc_nano.a(lib_a-wsetup.o)
                              /usr/local/gcc-arm-none-eabi-4_9-2015q1/bin/../lib/gcc/arm-none-eabi/4.9.3/../../../../arm-none-eabi/lib/armv6-m/libc_nano.a(lib_a-nano-vfprintf.o) (__swsetup_r)
/usr/local/gcc-arm-none-eabi-4_9-2015q1/bin/../lib/gcc/arm-none-eabi/4.9.3/../../../../arm-none-eabi/lib/armv6-m/libc_nano.a(lib_a-closer.o)
                              /usr/local/gcc-arm-none-eabi-4_9-2015q1/bin/../lib/gcc/arm-none-eabi/4.9.3/../../../../arm-none-eabi/lib/armv6-m/libc_nano.a(lib_a-stdio.o) (_close_r)
/usr/local/gcc-arm-none-eabi-4_9-2015q1/bin/../lib/gcc/arm-none-eabi/4.9.3/../../../../arm-none-eabi/lib/armv6-m/libc_nano.a(lib_a-fflush.o)
                              /usr/local/gcc-arm-none-eabi-4_9-2015q1/bin/../lib/gcc/arm-none-eabi/4.9.3/../../../../arm-none-eabi/lib/armv6-m/libc_nano.a(lib_a-findfp.o) (_fflush_r)
/usr/local/gcc-arm-none-eabi-4_9-2015q1/bin/../lib/gcc/arm-none-eabi/4.9.3/../../../../arm-none-eabi/lib/armv6-m/libc_nano.a(lib_a-fvwrite.o)
                              /usr/local/gcc-arm-none-eabi-4_9-2015q1/bin/../lib/gcc/arm-none-eabi/4.9.3/../../../../arm-none-eabi/lib/armv6-m/libc_nano.a(lib_a-nano-vfprintf.o) (__sfvwrite_r)
/usr/local/gcc-arm-none-eabi-4_9-2015q1/bin/../lib/gcc/arm-none-eabi/4.9.3/../../../../arm-none-eabi/lib/armv6-m/libc_nano.a(lib_a-lseekr.o)
                              /usr/local/gcc-arm-none-eabi-4_9-2015q1/bin/../lib/gcc/arm-none-eabi/4.9.3/../../../../arm-none-eabi/lib/armv6-m/libc_nano.a(lib_a-stdio.o) (_lseek_r)
/usr/local/gcc-arm-none-eabi-4_9-2015q1/bin/../lib/gcc/arm-none-eabi/4.9.3/../../../../arm-none-eabi/lib/armv6-m/libc_nano.a(lib_a-makebuf.o)
                              /usr/local/gcc-arm-none-eabi-4_9-2015q1/bin/../lib/gcc/arm-none-eabi/4.9.3/../../../../arm-none-eabi/lib/armv6-m/libc_nano.a(lib_a-wsetup.o) (__smakebuf_r)
/usr/local/gcc-arm-none-eabi-4_9-2015q1/bin/../lib/gcc/arm-none-eabi/4.9.3/../../../../arm-none-eabi/lib/armv6-m/libc_nano.a(lib_a-memchr.o)
                              /usr/local/gcc-arm-none-eabi-4_9-2015q1/bin/../lib/gcc/arm-none-eabi/4.9.3/../../../../arm-none-eabi/lib/armv6-m/libc_nano.a(lib_a-nano-vfprintf.o) (memchr)
/usr/local/gcc-arm-none-eabi-4_9-2015q1/bin/../lib/gcc/arm-none-eabi/4.9.3/../../../../arm-none-eabi/lib/armv6-m/libc_nano.a(lib_a-memmove.o)
                              /usr/local/gcc-arm-none-eabi-4_9-2015q1/bin/../lib/gcc/arm-none-eabi/4.9.3/../../../../arm-none-eabi/lib/armv6-m/libc_nano.a(lib_a-fvwrite.o) (memmove)
/usr/local/gcc-arm-none-eabi-4_9-2015q1/bin/../lib/gcc/arm-none-eabi/4.9.3/../../../../arm-none-eabi/lib/armv6-m/libc_nano.a(lib_a-nano-freer.o)
                              /usr/local/gcc-arm-none-eabi-4_9-2015q1/bin/../lib/gcc/arm-none-eabi/4.9.3/../../../../arm-none-eabi/lib/armv6-m/libc_nano.a(lib_a-wsetup.o) (_free_r)
/usr/local/gcc-arm-none-eabi-4_9-2015q1/bin/../lib/gcc/arm-none-eabi/4.9.3/../../../../arm-none-eabi/lib/armv6-m/libc_nano.a(lib_a-nano-reallocr.o)
                              /usr/local/gcc-arm-none-eabi-4_9-2015q1/bin/../lib/gcc/arm-none-eabi/4.9.3/../../../../arm-none-eabi/lib/armv6-m/libc_nano.a(lib_a-fvwrite.o) (_realloc_r)
/usr/local/gcc-arm-none-eabi-4_9-2015q1/bin/../lib/gcc/arm-none-eabi/4.9.3/../../../../arm-none-eabi/lib/armv6-m/libc_nano.a(lib_a-readr.o)
                              /usr/local/gcc-arm-none-eabi-4_9-2015q1/bin/../lib/gcc/arm-none-eabi/4.9.3/../../../../arm-none-eabi/lib/armv6-m/libc_nano.a(lib_a-stdio.o) (_read_r)
/usr/local/gcc-arm-none-eabi-4_9-2015q1/bin/../lib/gcc/arm-none-eabi/4.9.3/../../../../arm-none-eabi/lib/armv6-m/libc_nano.a(lib_a-reent.o)
                              /usr/local/gcc-arm-none-eabi-4_9-2015q1/bin/../lib/gcc/arm-none-eabi/4.9.3/../../../../arm-none-eabi/lib/armv6-m/libc_nano.a(lib_a-sbrkr.o) (errno)
/usr/local/gcc-arm-none-eabi-4_9-2015q1/bin/../lib/gcc/arm-none-eabi/4.9.3/../../../../arm-none-eabi/lib/armv6-m/libc_nano.a(lib_a-fstatr.o)
                              /usr/local/gcc-arm-none-eabi-4_9-2015q1/bin/../lib/gcc/arm-none-eabi/4.9.3/../../../../arm-none-eabi/lib/armv6-m/libc_nano.a(lib_a-makebuf.o) (_fstat_r)
/usr/local/gcc-arm-none-eabi-4_9-2015q1/bin/../lib/gcc/arm-none-eabi/4.9.3/../../../../arm-none-eabi/lib/armv6-m/libc_nano.a(lib_a-isattyr.o)
                              /usr/local/gcc-arm-none-eabi-4_9-2015q1/bin/../lib/gcc/arm-none-eabi/4.9.3/../../../../arm-none-eabi/lib/armv6-m/libc_nano.a(lib_a-makebuf.o) (_isatty_r)
/usr/local/gcc-arm-none-eabi-4_9-2015q1/bin/../lib/gcc/arm-none-eabi/4.9.3/../../../../arm-none-eabi/lib/armv6-m/libc_nano.a(lib_a-nano-msizer.o)
                              /usr/local/gcc-arm-none-eabi-4_9-2015q1/bin/../lib/gcc/arm-none-eabi/4.9.3/../../../../arm-none-eabi/lib/armv6-m/libc_nano.a(lib_a-nano-reallocr.o) (_malloc_usable_size_r)
/usr/local/gcc-arm-none-eabi-4_9-2015q1/bin/../lib/gcc/arm-none-eabi/4.9.3/armv6-m/libgcc.a(_udivsi3.o)
                              /usr/local/gcc-arm-none-eabi-4_9-2015q1/bin/../lib/gcc/arm-none-eabi/4.9.3/../../../../arm-none-eabi/lib/armv6-m/libc_nano.a(lib_a-nano-vfprintf_i.o) (__aeabi_uidiv)
/usr/local/gcc-arm-none-eabi-4_9-2015q1/bin/../lib/gcc/arm-none-eabi/4.9.3/armv6-m/libgcc.a(_divsi3.o)
                              /usr/local/gcc-arm-none-eabi-4_9-2015q1/bin/../lib/gcc/arm-none-eabi/4.9.3/../../../../arm-none-eabi/lib/armv6-m/libc_nano.a(lib_a-fvwrite.o) (__aeabi_idiv)
/usr/local/gcc-arm-none-eabi-4_9-2015q1/bin/../lib/gcc/arm-none-eabi/4.9.3/armv6-m/libgcc.a(_dvmd_tls.o)
                              /usr/local/gcc-arm-none-eabi-4_9-2015q1/bin/../lib/gcc/arm-none-eabi/4.9.3/armv6-m/libgcc.a(_udivsi3.o) (__aeabi_idiv0)
/usr/local/gcc-arm-none-eabi-4_9-2015q1/bin/../lib/gcc/arm-none-eabi/4.9.3/../../../../arm-none-eabi/lib/armv6-m/libnosys.a(close.o)
                              /usr/local/gcc-arm-none-eabi-4_9-2015q1/bin/../lib/gcc/arm-none-eabi/4.9.3/../../../../arm-none-eabi/lib/armv6-m/libc_nano.a(lib_a-closer.o) (_close)
/usr/local/gcc-arm-none-eabi-4_9-2015q1/bin/../lib/gcc/arm-none-eabi/4.9.3/../../../../arm-none-eabi/lib/armv6-m/libnosys.a(fstat.o)
                              /usr/local/gcc-arm-none-eabi-4_9-2015q1/bin/../lib/gcc/arm-none-eabi/4.9.3/../../../../arm-none-eabi/lib/armv6-m/libc_nano.a(lib_a-fstatr.o) (_fstat)
/usr/local/gcc-arm-none-eabi-4_9-2015q1/bin/../lib/gcc/arm-none-eabi/4.9.3/../../../../arm-none-eabi/lib/armv6-m/libnosys.a(isatty.o)
                              /usr/local/gcc-arm-none-eabi-4_9-2015q1/bin/../lib/gcc/arm-none-eabi/4.9.3/../../../../arm-none-eabi/lib/armv6-m/libc_nano.a(lib_a-isattyr.o) (_isatty)
/usr/local/gcc-arm-none-eabi-4_9-2015q1/bin/../lib/gcc/arm-none-eabi/4.9.3/../../../../arm-none-eabi/lib/armv6-m/libnosys.a(lseek.o)
                              /usr/local/gcc-arm-none-eabi-4_9-2015q1/bin/../lib/gcc/arm-none-eabi/4.9.3/../../../../arm-none-eabi/lib/armv6-m/libc_nano.a(lib_a-lseekr.o) (_lseek)
/usr/local/gcc-arm-none-eabi-4_9-2015q1/bin/../lib/gcc/arm-none-eabi/4.9.3/../../../../arm-none-eabi/lib/armv6-m/libnosys.a(sbrk.o)
                              /usr/local/gcc-arm-none-eabi-4_9-2015q1/bin/../lib/gcc/arm-none-eabi/4.9.3/../../../../arm-none-eabi/lib/armv6-m/libc_nano.a(lib_a-sbrkr.o) (_sbrk)

Allocating common symbols
Common symbol       size              file

sofa_message_tx     0x4               _build/sofa.o
errno               0x4               /usr/local/gcc-arm-none-eabi-4_9-2015q1/bin/../lib/gcc/arm-none-eabi/4.9.3/../../../../arm-none-eabi/lib/armv6-m/libc_nano.a(lib_a-reent.o)
__stdin             0x68              _build/retarget.o
sofa_message_rx     0x4               _build/sofa.o
__stdout            0x68              _build/retarget.o

Discarded input sections

 .text          0x00000000        0x0 /usr/local/gcc-arm-none-eabi-4_9-2015q1/bin/../lib/gcc/arm-none-eabi/4.9.3/armv6-m/crti.o
 .data          0x00000000        0x0 /usr/local/gcc-arm-none-eabi-4_9-2015q1/bin/../lib/gcc/arm-none-eabi/4.9.3/armv6-m/crti.o
 .bss           0x00000000        0x0 /usr/local/gcc-arm-none-eabi-4_9-2015q1/bin/../lib/gcc/arm-none-eabi/4.9.3/armv6-m/crti.o
 .text          0x00000000       0x60 /usr/local/gcc-arm-none-eabi-4_9-2015q1/bin/../lib/gcc/arm-none-eabi/4.9.3/armv6-m/crtbegin.o
 .data          0x00000000        0x4 /usr/local/gcc-arm-none-eabi-4_9-2015q1/bin/../lib/gcc/arm-none-eabi/4.9.3/armv6-m/crtbegin.o
 .bss           0x00000000       0x1c /usr/local/gcc-arm-none-eabi-4_9-2015q1/bin/../lib/gcc/arm-none-eabi/4.9.3/armv6-m/crtbegin.o
 .init_array    0x00000000        0x4 /usr/local/gcc-arm-none-eabi-4_9-2015q1/bin/../lib/gcc/arm-none-eabi/4.9.3/armv6-m/crtbegin.o
 .fini_array    0x00000000        0x4 /usr/local/gcc-arm-none-eabi-4_9-2015q1/bin/../lib/gcc/arm-none-eabi/4.9.3/armv6-m/crtbegin.o
 .eh_frame      0x00000000        0x0 /usr/local/gcc-arm-none-eabi-4_9-2015q1/bin/../lib/gcc/arm-none-eabi/4.9.3/armv6-m/crtbegin.o
 .jcr           0x00000000        0x0 /usr/local/gcc-arm-none-eabi-4_9-2015q1/bin/../lib/gcc/arm-none-eabi/4.9.3/armv6-m/crtbegin.o
 .ARM.attributes
                0x00000000       0x2c /usr/local/gcc-arm-none-eabi-4_9-2015q1/bin/../lib/gcc/arm-none-eabi/4.9.3/armv6-m/crtbegin.o
 .data          0x00000000        0x0 /usr/local/gcc-arm-none-eabi-4_9-2015q1/bin/../lib/gcc/arm-none-eabi/4.9.3/../../../../arm-none-eabi/lib/armv6-m/crt0.o
 .bss           0x00000000        0x0 /usr/local/gcc-arm-none-eabi-4_9-2015q1/bin/../lib/gcc/arm-none-eabi/4.9.3/../../../../arm-none-eabi/lib/armv6-m/crt0.o
 .ARM.extab     0x00000000        0x0 /usr/local/gcc-arm-none-eabi-4_9-2015q1/bin/../lib/gcc/arm-none-eabi/4.9.3/../../../../arm-none-eabi/lib/armv6-m/crt0.o
 .text          0x00000000        0x0 /usr/local/gcc-arm-none-eabi-4_9-2015q1/bin/../lib/gcc/arm-none-eabi/4.9.3/../../../../arm-none-eabi/lib/armv6-m/libc_nano.a(lib_a-exit.o)
 .data          0x00000000        0x0 /usr/local/gcc-arm-none-eabi-4_9-2015q1/bin/../lib/gcc/arm-none-eabi/4.9.3/../../../../arm-none-eabi/lib/armv6-m/libc_nano.a(lib_a-exit.o)
 .bss           0x00000000        0x0 /usr/local/gcc-arm-none-eabi-4_9-2015q1/bin/../lib/gcc/arm-none-eabi/4.9.3/../../../../arm-none-eabi/lib/armv6-m/libc_nano.a(lib_a-exit.o)
 .text          0x00000000        0x0 /usr/local/gcc-arm-none-eabi-4_9-2015q1/bin/../lib/gcc/arm-none-eabi/4.9.3/../../../../arm-none-eabi/lib/armv6-m/libc_nano.a(lib_a-impure.o)
 .data          0x00000000        0x0 /usr/local/gcc-arm-none-eabi-4_9-2015q1/bin/../lib/gcc/arm-none-eabi/4.9.3/../../../../arm-none-eabi/lib/armv6-m/libc_nano.a(lib_a-impure.o)
 .bss           0x00000000        0x0 /usr/local/gcc-arm-none-eabi-4_9-2015q1/bin/../lib/gcc/arm-none-eabi/4.9.3/../../../../arm-none-eabi/lib/armv6-m/libc_nano.a(lib_a-impure.o)
 .text          0x00000000        0x0 /usr/local/gcc-arm-none-eabi-4_9-2015q1/bin/../lib/gcc/arm-none-eabi/4.9.3/../../../../arm-none-eabi/lib/armv6-m/libc_nano.a(lib_a-init.o)
 .data          0x00000000        0x0 /usr/local/gcc-arm-none-eabi-4_9-2015q1/bin/../lib/gcc/arm-none-eabi/4.9.3/../../../../arm-none-eabi/lib/armv6-m/libc_nano.a(lib_a-init.o)
 .bss           0x00000000        0x0 /usr/local/gcc-arm-none-eabi-4_9-2015q1/bin/../lib/gcc/arm-none-eabi/4.9.3/../../../../arm-none-eabi/lib/armv6-m/libc_nano.a(lib_a-init.o)
 .text          0x00000000        0x0 /usr/local/gcc-arm-none-eabi-4_9-2015q1/bin/../lib/gcc/arm-none-eabi/4.9.3/../../../../arm-none-eabi/lib/armv6-m/libc_nano.a(lib_a-memset.o)
 .data          0x00000000        0x0 /usr/local/gcc-arm-none-eabi-4_9-2015q1/bin/../lib/gcc/arm-none-eabi/4.9.3/../../../../arm-none-eabi/lib/armv6-m/libc_nano.a(lib_a-memset.o)
 .bss           0x00000000        0x0 /usr/local/gcc-arm-none-eabi-4_9-2015q1/bin/../lib/gcc/arm-none-eabi/4.9.3/../../../../arm-none-eabi/lib/armv6-m/libc_nano.a(lib_a-memset.o)
 .text          0x00000000        0x0 /usr/local/gcc-arm-none-eabi-4_9-2015q1/bin/../lib/gcc/arm-none-eabi/4.9.3/../../../../arm-none-eabi/lib/armv6-m/libnosys.a(_exit.o)
 .data          0x00000000        0x0 /usr/local/gcc-arm-none-eabi-4_9-2015q1/bin/../lib/gcc/arm-none-eabi/4.9.3/../../../../arm-none-eabi/lib/armv6-m/libnosys.a(_exit.o)
 .bss           0x00000000        0x0 /usr/local/gcc-arm-none-eabi-4_9-2015q1/bin/../lib/gcc/arm-none-eabi/4.9.3/../../../../arm-none-eabi/lib/armv6-m/libnosys.a(_exit.o)
 .text          0x00000000        0x0 _build/system_nrf51.o
 .data          0x00000000        0x0 _build/system_nrf51.o
 .bss           0x00000000        0x0 _build/system_nrf51.o
 .text.SystemCoreClockUpdate
                0x00000000       0x10 _build/system_nrf51.o
 .data.SystemCoreClock
                0x00000000        0x4 _build/system_nrf51.o
 .text          0x00000000        0x0 _build/main.o
 .data          0x00000000        0x0 _build/main.o
 .bss           0x00000000        0x0 _build/main.o
 .text          0x00000000        0x0 _build/rtc.o
 .data          0x00000000        0x0 _build/rtc.o
 .bss           0x00000000        0x0 _build/rtc.o
 .text          0x00000000        0x0 _build/gpio.o
 .data          0x00000000        0x0 _build/gpio.o
 .bss           0x00000000        0x0 _build/gpio.o
 .text          0x00000000        0x0 _build/sofa.o
 .data          0x00000000        0x0 _build/sofa.o
 .bss           0x00000000        0x0 _build/sofa.o
 .text.send     0x00000000       0x5c _build/sofa.o
 .text.receive  0x00000000       0x84 _build/sofa.o
 .text          0x00000000        0x0 _build/rng.o
 .data          0x00000000        0x0 _build/rng.o
 .bss           0x00000000        0x0 _build/rng.o
 .text          0x00000000        0x0 _build/radio.o
 .data          0x00000000        0x0 _build/radio.o
 .bss           0x00000000        0x0 _build/radio.o
 .text          0x00000000        0x0 _build/nrf_drv_gpiote.o
 .data          0x00000000        0x0 _build/nrf_drv_gpiote.o
 .bss           0x00000000        0x0 _build/nrf_drv_gpiote.o
 .text.nrf_drv_gpiote_uninit
                0x00000000       0xe8 _build/nrf_drv_gpiote.o
 .text.nrf_drv_gpiote_out_uninit
                0x00000000       0x2c _build/nrf_drv_gpiote.o
 .text.nrf_drv_gpiote_out_set
                0x00000000       0x14 _build/nrf_drv_gpiote.o
 .text.nrf_drv_gpiote_out_clear
                0x00000000       0x14 _build/nrf_drv_gpiote.o
 .text.nrf_drv_gpiote_out_toggle
                0x00000000       0x2c _build/nrf_drv_gpiote.o
 .text.nrf_drv_gpiote_out_task_enable
                0x00000000       0x38 _build/nrf_drv_gpiote.o
 .text.nrf_drv_gpiote_out_task_disable
                0x00000000       0x28 _build/nrf_drv_gpiote.o
 .text.nrf_drv_gpiote_out_task_addr_get
                0x00000000       0x1c _build/nrf_drv_gpiote.o
 .text.nrf_drv_gpiote_out_task_force
                0x00000000       0x38 _build/nrf_drv_gpiote.o
 .text.nrf_drv_gpiote_out_task_trigger
                0x00000000       0x20 _build/nrf_drv_gpiote.o
 .text.nrf_drv_gpiote_in_event_disable
                0x00000000       0x54 _build/nrf_drv_gpiote.o
 .text.nrf_drv_gpiote_in_uninit
                0x00000000       0x9c _build/nrf_drv_gpiote.o
 .text.nrf_drv_gpiote_in_event_addr_get
                0x00000000       0x20 _build/nrf_drv_gpiote.o
 .text          0x00000000        0x0 _build/nrf_drv_common.o
 .data          0x00000000        0x0 _build/nrf_drv_common.o
 .bss           0x00000000        0x0 _build/nrf_drv_common.o
 .text          0x00000000        0x0 _build/nrf_delay.o
 .data          0x00000000        0x0 _build/nrf_delay.o
 .bss           0x00000000        0x0 _build/nrf_delay.o
 .text.nrf_delay_ms
                0x00000000       0x3c _build/nrf_delay.o
 .comment       0x00000000       0x71 _build/nrf_delay.o
 .ARM.attributes
                0x00000000       0x31 _build/nrf_delay.o
 .text          0x00000000        0x0 _build/app_uart_fifo.o
 .data          0x00000000        0x0 _build/app_uart_fifo.o
 .bss           0x00000000        0x0 _build/app_uart_fifo.o
 .text.action_tx_stop
                0x00000000       0x2c _build/app_uart_fifo.o
 .text.app_uart_flush
                0x00000000       0x1c _build/app_uart_fifo.o
 .text.app_uart_get_connection_state
                0x00000000       0x14 _build/app_uart_fifo.o
 .text.app_uart_close
                0x00000000       0x30 _build/app_uart_fifo.o
 .text          0x00000000        0x0 _build/app_fifo.o
 .data          0x00000000        0x0 _build/app_fifo.o
 .bss           0x00000000        0x0 _build/app_fifo.o
 .text.app_fifo_flush
                0x00000000        0x8 _build/app_fifo.o
 .text          0x00000000        0x0 _build/retarget.o
 .data          0x00000000        0x0 _build/retarget.o
 .bss           0x00000000        0x0 _build/retarget.o
 COMMON         0x00000000       0xd0 _build/retarget.o
 .data          0x00000000        0x0 _build/gcc_startup_nrf51.o
 .bss           0x00000000        0x0 _build/gcc_startup_nrf51.o
 .ARM.extab     0x00000000        0x0 _build/gcc_startup_nrf51.o
 .text          0x00000000        0x0 /usr/local/gcc-arm-none-eabi-4_9-2015q1/bin/../lib/gcc/arm-none-eabi/4.9.3/../../../../arm-none-eabi/lib/armv6-m/libc_nano.a(lib_a-memcpy.o)
 .data          0x00000000        0x0 /usr/local/gcc-arm-none-eabi-4_9-2015q1/bin/../lib/gcc/arm-none-eabi/4.9.3/../../../../arm-none-eabi/lib/armv6-m/libc_nano.a(lib_a-memcpy.o)
 .bss           0x00000000        0x0 /usr/local/gcc-arm-none-eabi-4_9-2015q1/bin/../lib/gcc/arm-none-eabi/4.9.3/../../../../arm-none-eabi/lib/armv6-m/libc_nano.a(lib_a-memcpy.o)
 .text          0x00000000        0x0 /usr/local/gcc-arm-none-eabi-4_9-2015q1/bin/../lib/gcc/arm-none-eabi/4.9.3/../../../../arm-none-eabi/lib/armv6-m/libc_nano.a(lib_a-printf.o)
 .data          0x00000000        0x0 /usr/local/gcc-arm-none-eabi-4_9-2015q1/bin/../lib/gcc/arm-none-eabi/4.9.3/../../../../arm-none-eabi/lib/armv6-m/libc_nano.a(lib_a-printf.o)
 .bss           0x00000000        0x0 /usr/local/gcc-arm-none-eabi-4_9-2015q1/bin/../lib/gcc/arm-none-eabi/4.9.3/../../../../arm-none-eabi/lib/armv6-m/libc_nano.a(lib_a-printf.o)
 .text._printf_r
                0x00000000       0x28 /usr/local/gcc-arm-none-eabi-4_9-2015q1/bin/../lib/gcc/arm-none-eabi/4.9.3/../../../../arm-none-eabi/lib/armv6-m/libc_nano.a(lib_a-printf.o)
 .text          0x00000000        0x0 /usr/local/gcc-arm-none-eabi-4_9-2015q1/bin/../lib/gcc/arm-none-eabi/4.9.3/../../../../arm-none-eabi/lib/armv6-m/libc_nano.a(lib_a-findfp.o)
 .data          0x00000000        0x0 /usr/local/gcc-arm-none-eabi-4_9-2015q1/bin/../lib/gcc/arm-none-eabi/4.9.3/../../../../arm-none-eabi/lib/armv6-m/libc_nano.a(lib_a-findfp.o)
 .bss           0x00000000        0x0 /usr/local/gcc-arm-none-eabi-4_9-2015q1/bin/../lib/gcc/arm-none-eabi/4.9.3/../../../../arm-none-eabi/lib/armv6-m/libc_nano.a(lib_a-findfp.o)
 .text.__fp_lock
                0x00000000        0x4 /usr/local/gcc-arm-none-eabi-4_9-2015q1/bin/../lib/gcc/arm-none-eabi/4.9.3/../../../../arm-none-eabi/lib/armv6-m/libc_nano.a(lib_a-findfp.o)
 .text.__fp_unlock
                0x00000000        0x4 /usr/local/gcc-arm-none-eabi-4_9-2015q1/bin/../lib/gcc/arm-none-eabi/4.9.3/../../../../arm-none-eabi/lib/armv6-m/libc_nano.a(lib_a-findfp.o)
 .text._cleanup
                0x00000000       0x10 /usr/local/gcc-arm-none-eabi-4_9-2015q1/bin/../lib/gcc/arm-none-eabi/4.9.3/../../../../arm-none-eabi/lib/armv6-m/libc_nano.a(lib_a-findfp.o)
 .text.__sfp_lock_acquire
                0x00000000        0x2 /usr/local/gcc-arm-none-eabi-4_9-2015q1/bin/../lib/gcc/arm-none-eabi/4.9.3/../../../../arm-none-eabi/lib/armv6-m/libc_nano.a(lib_a-findfp.o)
 .text.__sfp_lock_release
                0x00000000        0x2 /usr/local/gcc-arm-none-eabi-4_9-2015q1/bin/../lib/gcc/arm-none-eabi/4.9.3/../../../../arm-none-eabi/lib/armv6-m/libc_nano.a(lib_a-findfp.o)
 .text.__sinit_lock_acquire
                0x00000000        0x2 /usr/local/gcc-arm-none-eabi-4_9-2015q1/bin/../lib/gcc/arm-none-eabi/4.9.3/../../../../arm-none-eabi/lib/armv6-m/libc_nano.a(lib_a-findfp.o)
 .text.__sinit_lock_release
                0x00000000        0x2 /usr/local/gcc-arm-none-eabi-4_9-2015q1/bin/../lib/gcc/arm-none-eabi/4.9.3/../../../../arm-none-eabi/lib/armv6-m/libc_nano.a(lib_a-findfp.o)
 .text.__fp_lock_all
                0x00000000       0x18 /usr/local/gcc-arm-none-eabi-4_9-2015q1/bin/../lib/gcc/arm-none-eabi/4.9.3/../../../../arm-none-eabi/lib/armv6-m/libc_nano.a(lib_a-findfp.o)
 .text.__fp_unlock_all
                0x00000000       0x18 /usr/local/gcc-arm-none-eabi-4_9-2015q1/bin/../lib/gcc/arm-none-eabi/4.9.3/../../../../arm-none-eabi/lib/armv6-m/libc_nano.a(lib_a-findfp.o)
 .text          0x00000000        0x0 /usr/local/gcc-arm-none-eabi-4_9-2015q1/bin/../lib/gcc/arm-none-eabi/4.9.3/../../../../arm-none-eabi/lib/armv6-m/libc_nano.a(lib_a-fwalk.o)
 .data          0x00000000        0x0 /usr/local/gcc-arm-none-eabi-4_9-2015q1/bin/../lib/gcc/arm-none-eabi/4.9.3/../../../../arm-none-eabi/lib/armv6-m/libc_nano.a(lib_a-fwalk.o)
 .bss           0x00000000        0x0 /usr/local/gcc-arm-none-eabi-4_9-2015q1/bin/../lib/gcc/arm-none-eabi/4.9.3/../../../../arm-none-eabi/lib/armv6-m/libc_nano.a(lib_a-fwalk.o)
 .text._fwalk   0x00000000       0x38 /usr/local/gcc-arm-none-eabi-4_9-2015q1/bin/../lib/gcc/arm-none-eabi/4.9.3/../../../../arm-none-eabi/lib/armv6-m/libc_nano.a(lib_a-fwalk.o)
 .text          0x00000000        0x0 /usr/local/gcc-arm-none-eabi-4_9-2015q1/bin/../lib/gcc/arm-none-eabi/4.9.3/../../../../arm-none-eabi/lib/armv6-m/libc_nano.a(lib_a-nano-mallocr.o)
 .data          0x00000000        0x0 /usr/local/gcc-arm-none-eabi-4_9-2015q1/bin/../lib/gcc/arm-none-eabi/4.9.3/../../../../arm-none-eabi/lib/armv6-m/libc_nano.a(lib_a-nano-mallocr.o)
 .bss           0x00000000        0x0 /usr/local/gcc-arm-none-eabi-4_9-2015q1/bin/../lib/gcc/arm-none-eabi/4.9.3/../../../../arm-none-eabi/lib/armv6-m/libc_nano.a(lib_a-nano-mallocr.o)
 .text          0x00000000        0x0 /usr/local/gcc-arm-none-eabi-4_9-2015q1/bin/../lib/gcc/arm-none-eabi/4.9.3/../../../../arm-none-eabi/lib/armv6-m/libc_nano.a(lib_a-nano-vfprintf.o)
 .data          0x00000000        0x0 /usr/local/gcc-arm-none-eabi-4_9-2015q1/bin/../lib/gcc/arm-none-eabi/4.9.3/../../../../arm-none-eabi/lib/armv6-m/libc_nano.a(lib_a-nano-vfprintf.o)
 .bss           0x00000000        0x0 /usr/local/gcc-arm-none-eabi-4_9-2015q1/bin/../lib/gcc/arm-none-eabi/4.9.3/../../../../arm-none-eabi/lib/armv6-m/libc_nano.a(lib_a-nano-vfprintf.o)
 .text.__sprint_r
                0x00000000       0x1c /usr/local/gcc-arm-none-eabi-4_9-2015q1/bin/../lib/gcc/arm-none-eabi/4.9.3/../../../../arm-none-eabi/lib/armv6-m/libc_nano.a(lib_a-nano-vfprintf.o)
 .text.vfprintf
                0x00000000       0x1c /usr/local/gcc-arm-none-eabi-4_9-2015q1/bin/../lib/gcc/arm-none-eabi/4.9.3/../../../../arm-none-eabi/lib/armv6-m/libc_nano.a(lib_a-nano-vfprintf.o)
 .text          0x00000000        0x0 /usr/local/gcc-arm-none-eabi-4_9-2015q1/bin/../lib/gcc/arm-none-eabi/4.9.3/../../../../arm-none-eabi/lib/armv6-m/libc_nano.a(lib_a-nano-vfprintf_i.o)
 .data          0x00000000        0x0 /usr/local/gcc-arm-none-eabi-4_9-2015q1/bin/../lib/gcc/arm-none-eabi/4.9.3/../../../../arm-none-eabi/lib/armv6-m/libc_nano.a(lib_a-nano-vfprintf_i.o)
 .bss           0x00000000        0x0 /usr/local/gcc-arm-none-eabi-4_9-2015q1/bin/../lib/gcc/arm-none-eabi/4.9.3/../../../../arm-none-eabi/lib/armv6-m/libc_nano.a(lib_a-nano-vfprintf_i.o)
 .text          0x00000000        0x0 /usr/local/gcc-arm-none-eabi-4_9-2015q1/bin/../lib/gcc/arm-none-eabi/4.9.3/../../../../arm-none-eabi/lib/armv6-m/libc_nano.a(lib_a-sbrkr.o)
 .data          0x00000000        0x0 /usr/local/gcc-arm-none-eabi-4_9-2015q1/bin/../lib/gcc/arm-none-eabi/4.9.3/../../../../arm-none-eabi/lib/armv6-m/libc_nano.a(lib_a-sbrkr.o)
 .bss           0x00000000        0x0 /usr/local/gcc-arm-none-eabi-4_9-2015q1/bin/../lib/gcc/arm-none-eabi/4.9.3/../../../../arm-none-eabi/lib/armv6-m/libc_nano.a(lib_a-sbrkr.o)
 .text          0x00000000        0x0 /usr/local/gcc-arm-none-eabi-4_9-2015q1/bin/../lib/gcc/arm-none-eabi/4.9.3/../../../../arm-none-eabi/lib/armv6-m/libc_nano.a(lib_a-stdio.o)
 .data          0x00000000        0x0 /usr/local/gcc-arm-none-eabi-4_9-2015q1/bin/../lib/gcc/arm-none-eabi/4.9.3/../../../../arm-none-eabi/lib/armv6-m/libc_nano.a(lib_a-stdio.o)
 .bss           0x00000000        0x0 /usr/local/gcc-arm-none-eabi-4_9-2015q1/bin/../lib/gcc/arm-none-eabi/4.9.3/../../../../arm-none-eabi/lib/armv6-m/libc_nano.a(lib_a-stdio.o)
 .text.__seofread
                0x00000000        0x4 /usr/local/gcc-arm-none-eabi-4_9-2015q1/bin/../lib/gcc/arm-none-eabi/4.9.3/../../../../arm-none-eabi/lib/armv6-m/libc_nano.a(lib_a-stdio.o)
 .text          0x00000000        0x0 /usr/local/gcc-arm-none-eabi-4_9-2015q1/bin/../lib/gcc/arm-none-eabi/4.9.3/../../../../arm-none-eabi/lib/armv6-m/libc_nano.a(lib_a-wbuf.o)
 .data          0x00000000        0x0 /usr/local/gcc-arm-none-eabi-4_9-2015q1/bin/../lib/gcc/arm-none-eabi/4.9.3/../../../../arm-none-eabi/lib/armv6-m/libc_nano.a(lib_a-wbuf.o)
 .bss           0x00000000        0x0 /usr/local/gcc-arm-none-eabi-4_9-2015q1/bin/../lib/gcc/arm-none-eabi/4.9.3/../../../../arm-none-eabi/lib/armv6-m/libc_nano.a(lib_a-wbuf.o)
 .text.__swbuf  0x00000000       0x18 /usr/local/gcc-arm-none-eabi-4_9-2015q1/bin/../lib/gcc/arm-none-eabi/4.9.3/../../../../arm-none-eabi/lib/armv6-m/libc_nano.a(lib_a-wbuf.o)
 .text          0x00000000        0x0 /usr/local/gcc-arm-none-eabi-4_9-2015q1/bin/../lib/gcc/arm-none-eabi/4.9.3/../../../../arm-none-eabi/lib/armv6-m/libc_nano.a(lib_a-writer.o)
 .data          0x00000000        0x0 /usr/local/gcc-arm-none-eabi-4_9-2015q1/bin/../lib/gcc/arm-none-eabi/4.9.3/../../../../arm-none-eabi/lib/armv6-m/libc_nano.a(lib_a-writer.o)
 .bss           0x00000000        0x0 /usr/local/gcc-arm-none-eabi-4_9-2015q1/bin/../lib/gcc/arm-none-eabi/4.9.3/../../../../arm-none-eabi/lib/armv6-m/libc_nano.a(lib_a-writer.o)
 .text          0x00000000        0x0 /usr/local/gcc-arm-none-eabi-4_9-2015q1/bin/../lib/gcc/arm-none-eabi/4.9.3/../../../../arm-none-eabi/lib/armv6-m/libc_nano.a(lib_a-wsetup.o)
 .data          0x00000000        0x0 /usr/local/gcc-arm-none-eabi-4_9-2015q1/bin/../lib/gcc/arm-none-eabi/4.9.3/../../../../arm-none-eabi/lib/armv6-m/libc_nano.a(lib_a-wsetup.o)
 .bss           0x00000000        0x0 /usr/local/gcc-arm-none-eabi-4_9-2015q1/bin/../lib/gcc/arm-none-eabi/4.9.3/../../../../arm-none-eabi/lib/armv6-m/libc_nano.a(lib_a-wsetup.o)
 .text          0x00000000        0x0 /usr/local/gcc-arm-none-eabi-4_9-2015q1/bin/../lib/gcc/arm-none-eabi/4.9.3/../../../../arm-none-eabi/lib/armv6-m/libc_nano.a(lib_a-closer.o)
 .data          0x00000000        0x0 /usr/local/gcc-arm-none-eabi-4_9-2015q1/bin/../lib/gcc/arm-none-eabi/4.9.3/../../../../arm-none-eabi/lib/armv6-m/libc_nano.a(lib_a-closer.o)
 .bss           0x00000000        0x0 /usr/local/gcc-arm-none-eabi-4_9-2015q1/bin/../lib/gcc/arm-none-eabi/4.9.3/../../../../arm-none-eabi/lib/armv6-m/libc_nano.a(lib_a-closer.o)
 .text          0x00000000        0x0 /usr/local/gcc-arm-none-eabi-4_9-2015q1/bin/../lib/gcc/arm-none-eabi/4.9.3/../../../../arm-none-eabi/lib/armv6-m/libc_nano.a(lib_a-fflush.o)
 .data          0x00000000        0x0 /usr/local/gcc-arm-none-eabi-4_9-2015q1/bin/../lib/gcc/arm-none-eabi/4.9.3/../../../../arm-none-eabi/lib/armv6-m/libc_nano.a(lib_a-fflush.o)
 .bss           0x00000000        0x0 /usr/local/gcc-arm-none-eabi-4_9-2015q1/bin/../lib/gcc/arm-none-eabi/4.9.3/../../../../arm-none-eabi/lib/armv6-m/libc_nano.a(lib_a-fflush.o)
 .text.fflush   0x00000000       0x28 /usr/local/gcc-arm-none-eabi-4_9-2015q1/bin/../lib/gcc/arm-none-eabi/4.9.3/../../../../arm-none-eabi/lib/armv6-m/libc_nano.a(lib_a-fflush.o)
 .text          0x00000000        0x0 /usr/local/gcc-arm-none-eabi-4_9-2015q1/bin/../lib/gcc/arm-none-eabi/4.9.3/../../../../arm-none-eabi/lib/armv6-m/libc_nano.a(lib_a-fvwrite.o)
 .data          0x00000000        0x0 /usr/local/gcc-arm-none-eabi-4_9-2015q1/bin/../lib/gcc/arm-none-eabi/4.9.3/../../../../arm-none-eabi/lib/armv6-m/libc_nano.a(lib_a-fvwrite.o)
 .bss           0x00000000        0x0 /usr/local/gcc-arm-none-eabi-4_9-2015q1/bin/../lib/gcc/arm-none-eabi/4.9.3/../../../../arm-none-eabi/lib/armv6-m/libc_nano.a(lib_a-fvwrite.o)
 .text.__sfvwrite_r
                0x00000000      0x2b0 /usr/local/gcc-arm-none-eabi-4_9-2015q1/bin/../lib/gcc/arm-none-eabi/4.9.3/../../../../arm-none-eabi/lib/armv6-m/libc_nano.a(lib_a-fvwrite.o)
 .debug_frame   0x00000000       0x30 /usr/local/gcc-arm-none-eabi-4_9-2015q1/bin/../lib/gcc/arm-none-eabi/4.9.3/../../../../arm-none-eabi/lib/armv6-m/libc_nano.a(lib_a-fvwrite.o)
 .ARM.attributes
                0x00000000       0x2c /usr/local/gcc-arm-none-eabi-4_9-2015q1/bin/../lib/gcc/arm-none-eabi/4.9.3/../../../../arm-none-eabi/lib/armv6-m/libc_nano.a(lib_a-fvwrite.o)
 .text          0x00000000        0x0 /usr/local/gcc-arm-none-eabi-4_9-2015q1/bin/../lib/gcc/arm-none-eabi/4.9.3/../../../../arm-none-eabi/lib/armv6-m/libc_nano.a(lib_a-lseekr.o)
 .data          0x00000000        0x0 /usr/local/gcc-arm-none-eabi-4_9-2015q1/bin/../lib/gcc/arm-none-eabi/4.9.3/../../../../arm-none-eabi/lib/armv6-m/libc_nano.a(lib_a-lseekr.o)
 .bss           0x00000000        0x0 /usr/local/gcc-arm-none-eabi-4_9-2015q1/bin/../lib/gcc/arm-none-eabi/4.9.3/../../../../arm-none-eabi/lib/armv6-m/libc_nano.a(lib_a-lseekr.o)
 .text          0x00000000        0x0 /usr/local/gcc-arm-none-eabi-4_9-2015q1/bin/../lib/gcc/arm-none-eabi/4.9.3/../../../../arm-none-eabi/lib/armv6-m/libc_nano.a(lib_a-makebuf.o)
 .data          0x00000000        0x0 /usr/local/gcc-arm-none-eabi-4_9-2015q1/bin/../lib/gcc/arm-none-eabi/4.9.3/../../../../arm-none-eabi/lib/armv6-m/libc_nano.a(lib_a-makebuf.o)
 .bss           0x00000000        0x0 /usr/local/gcc-arm-none-eabi-4_9-2015q1/bin/../lib/gcc/arm-none-eabi/4.9.3/../../../../arm-none-eabi/lib/armv6-m/libc_nano.a(lib_a-makebuf.o)
 .text          0x00000000        0x0 /usr/local/gcc-arm-none-eabi-4_9-2015q1/bin/../lib/gcc/arm-none-eabi/4.9.3/../../../../arm-none-eabi/lib/armv6-m/libc_nano.a(lib_a-memchr.o)
 .data          0x00000000        0x0 /usr/local/gcc-arm-none-eabi-4_9-2015q1/bin/../lib/gcc/arm-none-eabi/4.9.3/../../../../arm-none-eabi/lib/armv6-m/libc_nano.a(lib_a-memchr.o)
 .bss           0x00000000        0x0 /usr/local/gcc-arm-none-eabi-4_9-2015q1/bin/../lib/gcc/arm-none-eabi/4.9.3/../../../../arm-none-eabi/lib/armv6-m/libc_nano.a(lib_a-memchr.o)
 .text          0x00000000        0x0 /usr/local/gcc-arm-none-eabi-4_9-2015q1/bin/../lib/gcc/arm-none-eabi/4.9.3/../../../../arm-none-eabi/lib/armv6-m/libc_nano.a(lib_a-memmove.o)
 .data          0x00000000        0x0 /usr/local/gcc-arm-none-eabi-4_9-2015q1/bin/../lib/gcc/arm-none-eabi/4.9.3/../../../../arm-none-eabi/lib/armv6-m/libc_nano.a(lib_a-memmove.o)
 .bss           0x00000000        0x0 /usr/local/gcc-arm-none-eabi-4_9-2015q1/bin/../lib/gcc/arm-none-eabi/4.9.3/../../../../arm-none-eabi/lib/armv6-m/libc_nano.a(lib_a-memmove.o)
 .text.memmove  0x00000000       0x28 /usr/local/gcc-arm-none-eabi-4_9-2015q1/bin/../lib/gcc/arm-none-eabi/4.9.3/../../../../arm-none-eabi/lib/armv6-m/libc_nano.a(lib_a-memmove.o)
 .debug_frame   0x00000000       0x28 /usr/local/gcc-arm-none-eabi-4_9-2015q1/bin/../lib/gcc/arm-none-eabi/4.9.3/../../../../arm-none-eabi/lib/armv6-m/libc_nano.a(lib_a-memmove.o)
 .ARM.attributes
                0x00000000       0x2c /usr/local/gcc-arm-none-eabi-4_9-2015q1/bin/../lib/gcc/arm-none-eabi/4.9.3/../../../../arm-none-eabi/lib/armv6-m/libc_nano.a(lib_a-memmove.o)
 .text          0x00000000        0x0 /usr/local/gcc-arm-none-eabi-4_9-2015q1/bin/../lib/gcc/arm-none-eabi/4.9.3/../../../../arm-none-eabi/lib/armv6-m/libc_nano.a(lib_a-nano-freer.o)
 .data          0x00000000        0x0 /usr/local/gcc-arm-none-eabi-4_9-2015q1/bin/../lib/gcc/arm-none-eabi/4.9.3/../../../../arm-none-eabi/lib/armv6-m/libc_nano.a(lib_a-nano-freer.o)
 .bss           0x00000000        0x0 /usr/local/gcc-arm-none-eabi-4_9-2015q1/bin/../lib/gcc/arm-none-eabi/4.9.3/../../../../arm-none-eabi/lib/armv6-m/libc_nano.a(lib_a-nano-freer.o)
 .text          0x00000000        0x0 /usr/local/gcc-arm-none-eabi-4_9-2015q1/bin/../lib/gcc/arm-none-eabi/4.9.3/../../../../arm-none-eabi/lib/armv6-m/libc_nano.a(lib_a-nano-reallocr.o)
 .data          0x00000000        0x0 /usr/local/gcc-arm-none-eabi-4_9-2015q1/bin/../lib/gcc/arm-none-eabi/4.9.3/../../../../arm-none-eabi/lib/armv6-m/libc_nano.a(lib_a-nano-reallocr.o)
 .bss           0x00000000        0x0 /usr/local/gcc-arm-none-eabi-4_9-2015q1/bin/../lib/gcc/arm-none-eabi/4.9.3/../../../../arm-none-eabi/lib/armv6-m/libc_nano.a(lib_a-nano-reallocr.o)
 .text._realloc_r
                0x00000000       0x4c /usr/local/gcc-arm-none-eabi-4_9-2015q1/bin/../lib/gcc/arm-none-eabi/4.9.3/../../../../arm-none-eabi/lib/armv6-m/libc_nano.a(lib_a-nano-reallocr.o)
 .debug_frame   0x00000000       0x30 /usr/local/gcc-arm-none-eabi-4_9-2015q1/bin/../lib/gcc/arm-none-eabi/4.9.3/../../../../arm-none-eabi/lib/armv6-m/libc_nano.a(lib_a-nano-reallocr.o)
 .ARM.attributes
                0x00000000       0x2c /usr/local/gcc-arm-none-eabi-4_9-2015q1/bin/../lib/gcc/arm-none-eabi/4.9.3/../../../../arm-none-eabi/lib/armv6-m/libc_nano.a(lib_a-nano-reallocr.o)
 .text          0x00000000        0x0 /usr/local/gcc-arm-none-eabi-4_9-2015q1/bin/../lib/gcc/arm-none-eabi/4.9.3/../../../../arm-none-eabi/lib/armv6-m/libc_nano.a(lib_a-readr.o)
 .data          0x00000000        0x0 /usr/local/gcc-arm-none-eabi-4_9-2015q1/bin/../lib/gcc/arm-none-eabi/4.9.3/../../../../arm-none-eabi/lib/armv6-m/libc_nano.a(lib_a-readr.o)
 .bss           0x00000000        0x0 /usr/local/gcc-arm-none-eabi-4_9-2015q1/bin/../lib/gcc/arm-none-eabi/4.9.3/../../../../arm-none-eabi/lib/armv6-m/libc_nano.a(lib_a-readr.o)
 .text          0x00000000        0x0 /usr/local/gcc-arm-none-eabi-4_9-2015q1/bin/../lib/gcc/arm-none-eabi/4.9.3/../../../../arm-none-eabi/lib/armv6-m/libc_nano.a(lib_a-reent.o)
 .data          0x00000000        0x0 /usr/local/gcc-arm-none-eabi-4_9-2015q1/bin/../lib/gcc/arm-none-eabi/4.9.3/../../../../arm-none-eabi/lib/armv6-m/libc_nano.a(lib_a-reent.o)
 .bss           0x00000000        0x0 /usr/local/gcc-arm-none-eabi-4_9-2015q1/bin/../lib/gcc/arm-none-eabi/4.9.3/../../../../arm-none-eabi/lib/armv6-m/libc_nano.a(lib_a-reent.o)
 .text.cleanup_glue
                0x00000000       0x1a /usr/local/gcc-arm-none-eabi-4_9-2015q1/bin/../lib/gcc/arm-none-eabi/4.9.3/../../../../arm-none-eabi/lib/armv6-m/libc_nano.a(lib_a-reent.o)
 .text._reclaim_reent
                0x00000000       0xcc /usr/local/gcc-arm-none-eabi-4_9-2015q1/bin/../lib/gcc/arm-none-eabi/4.9.3/../../../../arm-none-eabi/lib/armv6-m/libc_nano.a(lib_a-reent.o)
 .text          0x00000000        0x0 /usr/local/gcc-arm-none-eabi-4_9-2015q1/bin/../lib/gcc/arm-none-eabi/4.9.3/../../../../arm-none-eabi/lib/armv6-m/libc_nano.a(lib_a-fstatr.o)
 .data          0x00000000        0x0 /usr/local/gcc-arm-none-eabi-4_9-2015q1/bin/../lib/gcc/arm-none-eabi/4.9.3/../../../../arm-none-eabi/lib/armv6-m/libc_nano.a(lib_a-fstatr.o)
 .bss           0x00000000        0x0 /usr/local/gcc-arm-none-eabi-4_9-2015q1/bin/../lib/gcc/arm-none-eabi/4.9.3/../../../../arm-none-eabi/lib/armv6-m/libc_nano.a(lib_a-fstatr.o)
 .text          0x00000000        0x0 /usr/local/gcc-arm-none-eabi-4_9-2015q1/bin/../lib/gcc/arm-none-eabi/4.9.3/../../../../arm-none-eabi/lib/armv6-m/libc_nano.a(lib_a-isattyr.o)
 .data          0x00000000        0x0 /usr/local/gcc-arm-none-eabi-4_9-2015q1/bin/../lib/gcc/arm-none-eabi/4.9.3/../../../../arm-none-eabi/lib/armv6-m/libc_nano.a(lib_a-isattyr.o)
 .bss           0x00000000        0x0 /usr/local/gcc-arm-none-eabi-4_9-2015q1/bin/../lib/gcc/arm-none-eabi/4.9.3/../../../../arm-none-eabi/lib/armv6-m/libc_nano.a(lib_a-isattyr.o)
 .text          0x00000000        0x0 /usr/local/gcc-arm-none-eabi-4_9-2015q1/bin/../lib/gcc/arm-none-eabi/4.9.3/../../../../arm-none-eabi/lib/armv6-m/libc_nano.a(lib_a-nano-msizer.o)
 .data          0x00000000        0x0 /usr/local/gcc-arm-none-eabi-4_9-2015q1/bin/../lib/gcc/arm-none-eabi/4.9.3/../../../../arm-none-eabi/lib/armv6-m/libc_nano.a(lib_a-nano-msizer.o)
 .bss           0x00000000        0x0 /usr/local/gcc-arm-none-eabi-4_9-2015q1/bin/../lib/gcc/arm-none-eabi/4.9.3/../../../../arm-none-eabi/lib/armv6-m/libc_nano.a(lib_a-nano-msizer.o)
 .text._malloc_usable_size_r
                0x00000000       0x16 /usr/local/gcc-arm-none-eabi-4_9-2015q1/bin/../lib/gcc/arm-none-eabi/4.9.3/../../../../arm-none-eabi/lib/armv6-m/libc_nano.a(lib_a-nano-msizer.o)
 .debug_frame   0x00000000       0x20 /usr/local/gcc-arm-none-eabi-4_9-2015q1/bin/../lib/gcc/arm-none-eabi/4.9.3/../../../../arm-none-eabi/lib/armv6-m/libc_nano.a(lib_a-nano-msizer.o)
 .ARM.attributes
                0x00000000       0x2c /usr/local/gcc-arm-none-eabi-4_9-2015q1/bin/../lib/gcc/arm-none-eabi/4.9.3/../../../../arm-none-eabi/lib/armv6-m/libc_nano.a(lib_a-nano-msizer.o)
 .data          0x00000000        0x0 /usr/local/gcc-arm-none-eabi-4_9-2015q1/bin/../lib/gcc/arm-none-eabi/4.9.3/armv6-m/libgcc.a(_udivsi3.o)
 .bss           0x00000000        0x0 /usr/local/gcc-arm-none-eabi-4_9-2015q1/bin/../lib/gcc/arm-none-eabi/4.9.3/armv6-m/libgcc.a(_udivsi3.o)
 .text          0x00000000      0x1e0 /usr/local/gcc-arm-none-eabi-4_9-2015q1/bin/../lib/gcc/arm-none-eabi/4.9.3/armv6-m/libgcc.a(_divsi3.o)
 .data          0x00000000        0x0 /usr/local/gcc-arm-none-eabi-4_9-2015q1/bin/../lib/gcc/arm-none-eabi/4.9.3/armv6-m/libgcc.a(_divsi3.o)
 .bss           0x00000000        0x0 /usr/local/gcc-arm-none-eabi-4_9-2015q1/bin/../lib/gcc/arm-none-eabi/4.9.3/armv6-m/libgcc.a(_divsi3.o)
 .debug_frame   0x00000000       0x20 /usr/local/gcc-arm-none-eabi-4_9-2015q1/bin/../lib/gcc/arm-none-eabi/4.9.3/armv6-m/libgcc.a(_divsi3.o)
 .ARM.attributes
                0x00000000       0x1e /usr/local/gcc-arm-none-eabi-4_9-2015q1/bin/../lib/gcc/arm-none-eabi/4.9.3/armv6-m/libgcc.a(_divsi3.o)
 .data          0x00000000        0x0 /usr/local/gcc-arm-none-eabi-4_9-2015q1/bin/../lib/gcc/arm-none-eabi/4.9.3/armv6-m/libgcc.a(_dvmd_tls.o)
 .bss           0x00000000        0x0 /usr/local/gcc-arm-none-eabi-4_9-2015q1/bin/../lib/gcc/arm-none-eabi/4.9.3/armv6-m/libgcc.a(_dvmd_tls.o)
 .text          0x00000000        0x0 /usr/local/gcc-arm-none-eabi-4_9-2015q1/bin/../lib/gcc/arm-none-eabi/4.9.3/armv6-m/crtend.o
 .data          0x00000000        0x0 /usr/local/gcc-arm-none-eabi-4_9-2015q1/bin/../lib/gcc/arm-none-eabi/4.9.3/armv6-m/crtend.o
 .bss           0x00000000        0x0 /usr/local/gcc-arm-none-eabi-4_9-2015q1/bin/../lib/gcc/arm-none-eabi/4.9.3/armv6-m/crtend.o
 .eh_frame      0x00000000        0x4 /usr/local/gcc-arm-none-eabi-4_9-2015q1/bin/../lib/gcc/arm-none-eabi/4.9.3/armv6-m/crtend.o
 .jcr           0x00000000        0x4 /usr/local/gcc-arm-none-eabi-4_9-2015q1/bin/../lib/gcc/arm-none-eabi/4.9.3/armv6-m/crtend.o
 .ARM.attributes
                0x00000000       0x2c /usr/local/gcc-arm-none-eabi-4_9-2015q1/bin/../lib/gcc/arm-none-eabi/4.9.3/armv6-m/crtend.o
 .text          0x00000000        0x0 /usr/local/gcc-arm-none-eabi-4_9-2015q1/bin/../lib/gcc/arm-none-eabi/4.9.3/armv6-m/crtn.o
 .data          0x00000000        0x0 /usr/local/gcc-arm-none-eabi-4_9-2015q1/bin/../lib/gcc/arm-none-eabi/4.9.3/armv6-m/crtn.o
 .bss           0x00000000        0x0 /usr/local/gcc-arm-none-eabi-4_9-2015q1/bin/../lib/gcc/arm-none-eabi/4.9.3/armv6-m/crtn.o
 .text          0x00000000        0x0 /usr/local/gcc-arm-none-eabi-4_9-2015q1/bin/../lib/gcc/arm-none-eabi/4.9.3/../../../../arm-none-eabi/lib/armv6-m/libnosys.a(close.o)
 .data          0x00000000        0x0 /usr/local/gcc-arm-none-eabi-4_9-2015q1/bin/../lib/gcc/arm-none-eabi/4.9.3/../../../../arm-none-eabi/lib/armv6-m/libnosys.a(close.o)
 .bss           0x00000000        0x0 /usr/local/gcc-arm-none-eabi-4_9-2015q1/bin/../lib/gcc/arm-none-eabi/4.9.3/../../../../arm-none-eabi/lib/armv6-m/libnosys.a(close.o)
 .text          0x00000000        0x0 /usr/local/gcc-arm-none-eabi-4_9-2015q1/bin/../lib/gcc/arm-none-eabi/4.9.3/../../../../arm-none-eabi/lib/armv6-m/libnosys.a(fstat.o)
 .data          0x00000000        0x0 /usr/local/gcc-arm-none-eabi-4_9-2015q1/bin/../lib/gcc/arm-none-eabi/4.9.3/../../../../arm-none-eabi/lib/armv6-m/libnosys.a(fstat.o)
 .bss           0x00000000        0x0 /usr/local/gcc-arm-none-eabi-4_9-2015q1/bin/../lib/gcc/arm-none-eabi/4.9.3/../../../../arm-none-eabi/lib/armv6-m/libnosys.a(fstat.o)
 .text          0x00000000        0x0 /usr/local/gcc-arm-none-eabi-4_9-2015q1/bin/../lib/gcc/arm-none-eabi/4.9.3/../../../../arm-none-eabi/lib/armv6-m/libnosys.a(isatty.o)
 .data          0x00000000        0x0 /usr/local/gcc-arm-none-eabi-4_9-2015q1/bin/../lib/gcc/arm-none-eabi/4.9.3/../../../../arm-none-eabi/lib/armv6-m/libnosys.a(isatty.o)
 .bss           0x00000000        0x0 /usr/local/gcc-arm-none-eabi-4_9-2015q1/bin/../lib/gcc/arm-none-eabi/4.9.3/../../../../arm-none-eabi/lib/armv6-m/libnosys.a(isatty.o)
 .text          0x00000000        0x0 /usr/local/gcc-arm-none-eabi-4_9-2015q1/bin/../lib/gcc/arm-none-eabi/4.9.3/../../../../arm-none-eabi/lib/armv6-m/libnosys.a(lseek.o)
 .data          0x00000000        0x0 /usr/local/gcc-arm-none-eabi-4_9-2015q1/bin/../lib/gcc/arm-none-eabi/4.9.3/../../../../arm-none-eabi/lib/armv6-m/libnosys.a(lseek.o)
 .bss           0x00000000        0x0 /usr/local/gcc-arm-none-eabi-4_9-2015q1/bin/../lib/gcc/arm-none-eabi/4.9.3/../../../../arm-none-eabi/lib/armv6-m/libnosys.a(lseek.o)
 .text          0x00000000        0x0 /usr/local/gcc-arm-none-eabi-4_9-2015q1/bin/../lib/gcc/arm-none-eabi/4.9.3/../../../../arm-none-eabi/lib/armv6-m/libnosys.a(sbrk.o)
 .data          0x00000000        0x0 /usr/local/gcc-arm-none-eabi-4_9-2015q1/bin/../lib/gcc/arm-none-eabi/4.9.3/../../../../arm-none-eabi/lib/armv6-m/libnosys.a(sbrk.o)
 .bss           0x00000000        0x0 /usr/local/gcc-arm-none-eabi-4_9-2015q1/bin/../lib/gcc/arm-none-eabi/4.9.3/../../../../arm-none-eabi/lib/armv6-m/libnosys.a(sbrk.o)

Memory Configuration

Name             Origin             Length             Attributes
FLASH            0x00018000         0x00024000         xr
RAM              0x20002000         0x00002000         xrw
*default*        0x00000000         0xffffffff

Linker script and memory map

LOAD /usr/local/gcc-arm-none-eabi-4_9-2015q1/bin/../lib/gcc/arm-none-eabi/4.9.3/armv6-m/crti.o
LOAD /usr/local/gcc-arm-none-eabi-4_9-2015q1/bin/../lib/gcc/arm-none-eabi/4.9.3/armv6-m/crtbegin.o
LOAD /usr/local/gcc-arm-none-eabi-4_9-2015q1/bin/../lib/gcc/arm-none-eabi/4.9.3/../../../../arm-none-eabi/lib/armv6-m/crt0.o
LOAD /usr/local/gcc-arm-none-eabi-4_9-2015q1/bin/../lib/gcc/arm-none-eabi/4.9.3/../../../../arm-none-eabi/lib/armv6-m/libc_nano.a
LOAD /usr/local/gcc-arm-none-eabi-4_9-2015q1/bin/../lib/gcc/arm-none-eabi/4.9.3/../../../../arm-none-eabi/lib/armv6-m/libnosys.a
LOAD _build/system_nrf51.o
LOAD _build/main.o
LOAD _build/rtc.o
LOAD _build/gpio.o
LOAD _build/sofa.o
LOAD _build/rng.o
LOAD _build/radio.o
LOAD _build/nrf_drv_gpiote.o
LOAD _build/nrf_drv_common.o
LOAD _build/nrf_delay.o
LOAD _build/app_uart_fifo.o
LOAD _build/app_fifo.o
LOAD _build/retarget.o
LOAD _build/gcc_startup_nrf51.o
START GROUP
LOAD /usr/local/gcc-arm-none-eabi-4_9-2015q1/bin/../lib/gcc/arm-none-eabi/4.9.3/armv6-m/libgcc.a
LOAD /usr/local/gcc-arm-none-eabi-4_9-2015q1/bin/../lib/gcc/arm-none-eabi/4.9.3/../../../../arm-none-eabi/lib/armv6-m/libc_nano.a
END GROUP
START GROUP
LOAD /usr/local/gcc-arm-none-eabi-4_9-2015q1/bin/../lib/gcc/arm-none-eabi/4.9.3/armv6-m/libgcc.a
LOAD /usr/local/gcc-arm-none-eabi-4_9-2015q1/bin/../lib/gcc/arm-none-eabi/4.9.3/../../../../arm-none-eabi/lib/armv6-m/libc_nano.a
END GROUP
LOAD /usr/local/gcc-arm-none-eabi-4_9-2015q1/bin/../lib/gcc/arm-none-eabi/4.9.3/armv6-m/crtend.o
LOAD /usr/local/gcc-arm-none-eabi-4_9-2015q1/bin/../lib/gcc/arm-none-eabi/4.9.3/armv6-m/crtn.o
START GROUP
LOAD /usr/local/gcc-arm-none-eabi-4_9-2015q1/bin/../lib/gcc/arm-none-eabi/4.9.3/armv6-m/libgcc.a
LOAD /usr/local/gcc-arm-none-eabi-4_9-2015q1/bin/../lib/gcc/arm-none-eabi/4.9.3/../../../../arm-none-eabi/lib/armv6-m/libc.a
LOAD /usr/local/gcc-arm-none-eabi-4_9-2015q1/bin/../lib/gcc/arm-none-eabi/4.9.3/../../../../arm-none-eabi/lib/armv6-m/libnosys.a
END GROUP

.text           0x00018000     0x238c
 *(.Vectors)
 .Vectors       0x00018000       0xc0 _build/gcc_startup_nrf51.o
                0x00018000                __Vectors
 *(.text*)
 .text          0x000180c0       0x78 /usr/local/gcc-arm-none-eabi-4_9-2015q1/bin/../lib/gcc/arm-none-eabi/4.9.3/../../../../arm-none-eabi/lib/armv6-m/crt0.o
                0x000180c0                _mainCRTStartup
                0x000180c0                _start
 .text.exit     0x00018138       0x2c /usr/local/gcc-arm-none-eabi-4_9-2015q1/bin/../lib/gcc/arm-none-eabi/4.9.3/../../../../arm-none-eabi/lib/armv6-m/libc_nano.a(lib_a-exit.o)
                0x00018138                exit
 .text.__libc_init_array
                0x00018164       0x4c /usr/local/gcc-arm-none-eabi-4_9-2015q1/bin/../lib/gcc/arm-none-eabi/4.9.3/../../../../arm-none-eabi/lib/armv6-m/libc_nano.a(lib_a-init.o)
                0x00018164                __libc_init_array
 .text.memset   0x000181b0       0x10 /usr/local/gcc-arm-none-eabi-4_9-2015q1/bin/../lib/gcc/arm-none-eabi/4.9.3/../../../../arm-none-eabi/lib/armv6-m/libc_nano.a(lib_a-memset.o)
                0x000181b0                memset
 .text._exit    0x000181c0        0x4 /usr/local/gcc-arm-none-eabi-4_9-2015q1/bin/../lib/gcc/arm-none-eabi/4.9.3/../../../../arm-none-eabi/lib/armv6-m/libnosys.a(_exit.o)
                0x000181c0                _exit
 .text.SystemInit
                0x000181c4       0x9c _build/system_nrf51.o
                0x000181c4                SystemInit
 .text.startup.main
                0x00018260       0x28 _build/main.o
                0x00018260                main
 .text.clock_init
                0x00018288       0x70 _build/rtc.o
                0x00018288                clock_init
 .text.RTC1_IRQHandler
                0x000182f8       0x54 _build/rtc.o
                0x000182f8                RTC1_IRQHandler
 .text.rtc_time
                0x0001834c       0x24 _build/rtc.o
                0x0001834c                rtc_time
 .text.check_rtc_flag
                0x00018370        0xc _build/rtc.o
                0x00018370                check_rtc_flag
 .text.clear_rtc_flag
                0x0001837c        0xc _build/rtc.o
                0x0001837c                clear_rtc_flag
 .text.in_pin_handler
                0x00018388       0x18 _build/gpio.o
                0x00018388                in_pin_handler
 .text.uart_error_handle
                0x000183a0        0x4 _build/gpio.o
                0x000183a0                uart_error_handle
 .text.gpio_init
                0x000183a4       0xd8 _build/gpio.o
                0x000183a4                gpio_init
 .text.sofa_loop
                0x0001847c      0x218 _build/sofa.o
                0x0001847c                sofa_loop
 .text.rng_init
                0x00018694       0x34 _build/rng.o
                0x00018694                rng_init
 .text.random   0x000186c8       0x24 _build/rng.o
                0x000186c8                random
 .text.RNG_IRQHandler
                0x000186ec       0x44 _build/rng.o
                0x000186ec                RNG_IRQHandler
 .text.radio_init
                0x00018730       0x7c _build/radio.o
                0x00018730                radio_init
 .text.nrf_drv_gpiote_init
                0x000187ac       0x54 _build/nrf_drv_gpiote.o
                0x000187ac                nrf_drv_gpiote_init
 .text.nrf_drv_gpiote_is_init
                0x00018800       0x14 _build/nrf_drv_gpiote.o
                0x00018800                nrf_drv_gpiote_is_init
 .text.nrf_drv_gpiote_out_init
                0x00018814       0xd4 _build/nrf_drv_gpiote.o
                0x00018814                nrf_drv_gpiote_out_init
 .text.nrf_drv_gpiote_in_init
                0x000188e8       0xf4 _build/nrf_drv_gpiote.o
                0x000188e8                nrf_drv_gpiote_in_init
 .text.nrf_drv_gpiote_in_event_enable
                0x000189dc       0xa4 _build/nrf_drv_gpiote.o
                0x000189dc                nrf_drv_gpiote_in_event_enable
 .text.nrf_drv_gpiote_in_is_set
                0x00018a80       0x14 _build/nrf_drv_gpiote.o
                0x00018a80                nrf_drv_gpiote_in_is_set
 .text.GPIOTE_IRQHandler
                0x00018a94      0x1ec _build/nrf_drv_gpiote.o
                0x00018a94                GPIOTE_IRQHandler
 .text.nrf_drv_common_irq_enable
                0x00018c80       0x80 _build/nrf_drv_common.o
                0x00018c80                nrf_drv_common_irq_enable
 .text.gpiote_uart_event_handler
                0x00018d00       0xc0 _build/app_uart_fifo.o
 .text.UART0_IRQHandler
                0x00018dc0      0x124 _build/app_uart_fifo.o
                0x00018dc0                UART0_IRQHandler
 .text.app_uart_init
                0x00018ee4      0x2b0 _build/app_uart_fifo.o
                0x00018ee4                app_uart_init
 .text.app_uart_get
                0x00019194       0x10 _build/app_uart_fifo.o
                0x00019194                app_uart_get
 .text.app_uart_put
                0x000191a4       0x80 _build/app_uart_fifo.o
                0x000191a4                app_uart_put
 .text.app_fifo_init
                0x00019224       0x28 _build/app_fifo.o
                0x00019224                app_fifo_init
 .text.app_fifo_put
                0x0001924c       0x28 _build/app_fifo.o
                0x0001924c                app_fifo_put
 .text.app_fifo_get
                0x00019274       0x24 _build/app_fifo.o
                0x00019274                app_fifo_get
 .text._write   0x00019298       0x1c _build/retarget.o
                0x00019298                _write
 .text._read    0x000192b4       0x14 _build/retarget.o
                0x000192b4                _read
 .text          0x000192c8       0x54 _build/gcc_startup_nrf51.o
                0x000192c8                Reset_Handler
                0x00019310                NMI_Handler
                0x00019312                HardFault_Handler
                0x00019314                SVC_Handler
                0x00019316                PendSV_Handler
                0x00019318                SysTick_Handler
                0x0001931a                TIMER2_IRQHandler
                0x0001931a                SPI0_TWI0_IRQHandler
                0x0001931a                RTC0_IRQHandler
                0x0001931a                POWER_CLOCK_IRQHandler
                0x0001931a                RADIO_IRQHandler
                0x0001931a                LPCOMP_IRQHandler
                0x0001931a                SWI4_IRQHandler
                0x0001931a                TEMP_IRQHandler
                0x0001931a                QDEC_IRQHandler
                0x0001931a                SWI5_IRQHandler
                0x0001931a                TIMER0_IRQHandler
                0x0001931a                SWI0_IRQHandler
                0x0001931a                TIMER1_IRQHandler
                0x0001931a                ECB_IRQHandler
                0x0001931a                Default_Handler
                0x0001931a                ADC_IRQHandler
                0x0001931a                SWI3_IRQHandler
                0x0001931a                CCM_AAR_IRQHandler
                0x0001931a                WDT_IRQHandler
                0x0001931a                SWI2_IRQHandler
                0x0001931a                SPI1_TWI1_IRQHandler
                0x0001931a                SWI1_IRQHandler
 .text.memcpy   0x0001931c       0x12 /usr/local/gcc-arm-none-eabi-4_9-2015q1/bin/../lib/gcc/arm-none-eabi/4.9.3/../../../../arm-none-eabi/lib/armv6-m/libc_nano.a(lib_a-memcpy.o)
                0x0001931c                memcpy
 *fill*         0x0001932e        0x2 
 .text.printf   0x00019330       0x34 /usr/local/gcc-arm-none-eabi-4_9-2015q1/bin/../lib/gcc/arm-none-eabi/4.9.3/../../../../arm-none-eabi/lib/armv6-m/libc_nano.a(lib_a-printf.o)
                0x00019330                printf
                0x00019330                iprintf
 .text._cleanup_r
                0x00019364       0x10 /usr/local/gcc-arm-none-eabi-4_9-2015q1/bin/../lib/gcc/arm-none-eabi/4.9.3/../../../../arm-none-eabi/lib/armv6-m/libc_nano.a(lib_a-findfp.o)
                0x00019364                _cleanup_r
 .text.std.isra.0
                0x00019374       0x48 /usr/local/gcc-arm-none-eabi-4_9-2015q1/bin/../lib/gcc/arm-none-eabi/4.9.3/../../../../arm-none-eabi/lib/armv6-m/libc_nano.a(lib_a-findfp.o)
 .text.__sfmoreglue
                0x000193bc       0x2c /usr/local/gcc-arm-none-eabi-4_9-2015q1/bin/../lib/gcc/arm-none-eabi/4.9.3/../../../../arm-none-eabi/lib/armv6-m/libc_nano.a(lib_a-findfp.o)
                0x000193bc                __sfmoreglue
 .text.__sinit  0x000193e8       0x64 /usr/local/gcc-arm-none-eabi-4_9-2015q1/bin/../lib/gcc/arm-none-eabi/4.9.3/../../../../arm-none-eabi/lib/armv6-m/libc_nano.a(lib_a-findfp.o)
                0x000193e8                __sinit
 .text.__sfp    0x0001944c       0x7c /usr/local/gcc-arm-none-eabi-4_9-2015q1/bin/../lib/gcc/arm-none-eabi/4.9.3/../../../../arm-none-eabi/lib/armv6-m/libc_nano.a(lib_a-findfp.o)
                0x0001944c                __sfp
 .text._fwalk_reent
                0x000194c8       0x42 /usr/local/gcc-arm-none-eabi-4_9-2015q1/bin/../lib/gcc/arm-none-eabi/4.9.3/../../../../arm-none-eabi/lib/armv6-m/libc_nano.a(lib_a-fwalk.o)
                0x000194c8                _fwalk_reent
 *fill*         0x0001950a        0x2 
 .text._malloc_r
                0x0001950c       0xb0 /usr/local/gcc-arm-none-eabi-4_9-2015q1/bin/../lib/gcc/arm-none-eabi/4.9.3/../../../../arm-none-eabi/lib/armv6-m/libc_nano.a(lib_a-nano-mallocr.o)
                0x0001950c                _malloc_r
 .text.__sfputc_r
                0x000195bc       0x2a /usr/local/gcc-arm-none-eabi-4_9-2015q1/bin/../lib/gcc/arm-none-eabi/4.9.3/../../../../arm-none-eabi/lib/armv6-m/libc_nano.a(lib_a-nano-vfprintf.o)
 .text.__sfputs_r
                0x000195e6       0x24 /usr/local/gcc-arm-none-eabi-4_9-2015q1/bin/../lib/gcc/arm-none-eabi/4.9.3/../../../../arm-none-eabi/lib/armv6-m/libc_nano.a(lib_a-nano-vfprintf.o)
                0x000195e6                __sfputs_r
 *fill*         0x0001960a        0x2 
 .text._vfprintf_r
                0x0001960c      0x220 /usr/local/gcc-arm-none-eabi-4_9-2015q1/bin/../lib/gcc/arm-none-eabi/4.9.3/../../../../arm-none-eabi/lib/armv6-m/libc_nano.a(lib_a-nano-vfprintf.o)
                0x0001960c                _vfiprintf_r
                0x0001960c                _vfprintf_r
 .text._printf_common
                0x0001982c       0xdc /usr/local/gcc-arm-none-eabi-4_9-2015q1/bin/../lib/gcc/arm-none-eabi/4.9.3/../../../../arm-none-eabi/lib/armv6-m/libc_nano.a(lib_a-nano-vfprintf_i.o)
                0x0001982c                _printf_common
 .text._printf_i
                0x00019908      0x230 /usr/local/gcc-arm-none-eabi-4_9-2015q1/bin/../lib/gcc/arm-none-eabi/4.9.3/../../../../arm-none-eabi/lib/armv6-m/libc_nano.a(lib_a-nano-vfprintf_i.o)
                0x00019908                _printf_i
 .text._sbrk_r  0x00019b38       0x24 /usr/local/gcc-arm-none-eabi-4_9-2015q1/bin/../lib/gcc/arm-none-eabi/4.9.3/../../../../arm-none-eabi/lib/armv6-m/libc_nano.a(lib_a-sbrkr.o)
                0x00019b38                _sbrk_r
 .text.__sread  0x00019b5c       0x28 /usr/local/gcc-arm-none-eabi-4_9-2015q1/bin/../lib/gcc/arm-none-eabi/4.9.3/../../../../arm-none-eabi/lib/armv6-m/libc_nano.a(lib_a-stdio.o)
                0x00019b5c                __sread
 .text.__swrite
                0x00019b84       0x38 /usr/local/gcc-arm-none-eabi-4_9-2015q1/bin/../lib/gcc/arm-none-eabi/4.9.3/../../../../arm-none-eabi/lib/armv6-m/libc_nano.a(lib_a-stdio.o)
                0x00019b84                __swrite
 .text.__sseek  0x00019bbc       0x2c /usr/local/gcc-arm-none-eabi-4_9-2015q1/bin/../lib/gcc/arm-none-eabi/4.9.3/../../../../arm-none-eabi/lib/armv6-m/libc_nano.a(lib_a-stdio.o)
                0x00019bbc                __sseek
 .text.__sclose
                0x00019be8        0xc /usr/local/gcc-arm-none-eabi-4_9-2015q1/bin/../lib/gcc/arm-none-eabi/4.9.3/../../../../arm-none-eabi/lib/armv6-m/libc_nano.a(lib_a-stdio.o)
                0x00019be8                __sclose
 .text.__swbuf_r
                0x00019bf4       0xb0 /usr/local/gcc-arm-none-eabi-4_9-2015q1/bin/../lib/gcc/arm-none-eabi/4.9.3/../../../../arm-none-eabi/lib/armv6-m/libc_nano.a(lib_a-wbuf.o)
                0x00019bf4                __swbuf_r
 .text._write_r
                0x00019ca4       0x28 /usr/local/gcc-arm-none-eabi-4_9-2015q1/bin/../lib/gcc/arm-none-eabi/4.9.3/../../../../arm-none-eabi/lib/armv6-m/libc_nano.a(lib_a-writer.o)
                0x00019ca4                _write_r
 .text.__swsetup_r
                0x00019ccc       0xe8 /usr/local/gcc-arm-none-eabi-4_9-2015q1/bin/../lib/gcc/arm-none-eabi/4.9.3/../../../../arm-none-eabi/lib/armv6-m/libc_nano.a(lib_a-wsetup.o)
                0x00019ccc                __swsetup_r
 .text._close_r
                0x00019db4       0x24 /usr/local/gcc-arm-none-eabi-4_9-2015q1/bin/../lib/gcc/arm-none-eabi/4.9.3/../../../../arm-none-eabi/lib/armv6-m/libc_nano.a(lib_a-closer.o)
                0x00019db4                _close_r
 .text.__sflush_r
                0x00019dd8      0x112 /usr/local/gcc-arm-none-eabi-4_9-2015q1/bin/../lib/gcc/arm-none-eabi/4.9.3/../../../../arm-none-eabi/lib/armv6-m/libc_nano.a(lib_a-fflush.o)
                0x00019dd8                __sflush_r
 *fill*         0x00019eea        0x2 
 .text._fflush_r
                0x00019eec       0x58 /usr/local/gcc-arm-none-eabi-4_9-2015q1/bin/../lib/gcc/arm-none-eabi/4.9.3/../../../../arm-none-eabi/lib/armv6-m/libc_nano.a(lib_a-fflush.o)
                0x00019eec                _fflush_r
 .text._lseek_r
                0x00019f44       0x28 /usr/local/gcc-arm-none-eabi-4_9-2015q1/bin/../lib/gcc/arm-none-eabi/4.9.3/../../../../arm-none-eabi/lib/armv6-m/libc_nano.a(lib_a-lseekr.o)
                0x00019f44                _lseek_r
 .text.__smakebuf_r
                0x00019f6c       0xb0 /usr/local/gcc-arm-none-eabi-4_9-2015q1/bin/../lib/gcc/arm-none-eabi/4.9.3/../../../../arm-none-eabi/lib/armv6-m/libc_nano.a(lib_a-makebuf.o)
                0x00019f6c                __smakebuf_r
 .text.memchr   0x0001a01c       0x16 /usr/local/gcc-arm-none-eabi-4_9-2015q1/bin/../lib/gcc/arm-none-eabi/4.9.3/../../../../arm-none-eabi/lib/armv6-m/libc_nano.a(lib_a-memchr.o)
                0x0001a01c                memchr
 *fill*         0x0001a032        0x2 
 .text._free_r  0x0001a034       0x8c /usr/local/gcc-arm-none-eabi-4_9-2015q1/bin/../lib/gcc/arm-none-eabi/4.9.3/../../../../arm-none-eabi/lib/armv6-m/libc_nano.a(lib_a-nano-freer.o)
                0x0001a034                _free_r
 .text._read_r  0x0001a0c0       0x28 /usr/local/gcc-arm-none-eabi-4_9-2015q1/bin/../lib/gcc/arm-none-eabi/4.9.3/../../../../arm-none-eabi/lib/armv6-m/libc_nano.a(lib_a-readr.o)
                0x0001a0c0                _read_r
 .text._fstat_r
                0x0001a0e8       0x24 /usr/local/gcc-arm-none-eabi-4_9-2015q1/bin/../lib/gcc/arm-none-eabi/4.9.3/../../../../arm-none-eabi/lib/armv6-m/libc_nano.a(lib_a-fstatr.o)
                0x0001a0e8                _fstat_r
 .text._isatty_r
                0x0001a10c       0x24 /usr/local/gcc-arm-none-eabi-4_9-2015q1/bin/../lib/gcc/arm-none-eabi/4.9.3/../../../../arm-none-eabi/lib/armv6-m/libc_nano.a(lib_a-isattyr.o)
                0x0001a10c                _isatty_r
 .text          0x0001a130      0x120 /usr/local/gcc-arm-none-eabi-4_9-2015q1/bin/../lib/gcc/arm-none-eabi/4.9.3/armv6-m/libgcc.a(_udivsi3.o)
                0x0001a130                __udivsi3
                0x0001a130                __aeabi_uidiv
                0x0001a23c                __aeabi_uidivmod
 .text          0x0001a250        0x4 /usr/local/gcc-arm-none-eabi-4_9-2015q1/bin/../lib/gcc/arm-none-eabi/4.9.3/armv6-m/libgcc.a(_dvmd_tls.o)
                0x0001a250                __aeabi_ldiv0
                0x0001a250                __aeabi_idiv0
 .text._close   0x0001a254       0x10 /usr/local/gcc-arm-none-eabi-4_9-2015q1/bin/../lib/gcc/arm-none-eabi/4.9.3/../../../../arm-none-eabi/lib/armv6-m/libnosys.a(close.o)
                0x0001a254                _close
 .text._fstat   0x0001a264       0x10 /usr/local/gcc-arm-none-eabi-4_9-2015q1/bin/../lib/gcc/arm-none-eabi/4.9.3/../../../../arm-none-eabi/lib/armv6-m/libnosys.a(fstat.o)
                0x0001a264                _fstat
 .text._isatty  0x0001a274       0x10 /usr/local/gcc-arm-none-eabi-4_9-2015q1/bin/../lib/gcc/arm-none-eabi/4.9.3/../../../../arm-none-eabi/lib/armv6-m/libnosys.a(isatty.o)
                0x0001a274                _isatty
 .text._lseek   0x0001a284       0x10 /usr/local/gcc-arm-none-eabi-4_9-2015q1/bin/../lib/gcc/arm-none-eabi/4.9.3/../../../../arm-none-eabi/lib/armv6-m/libnosys.a(lseek.o)
                0x0001a284                _lseek
 .text._sbrk    0x0001a294       0x1c /usr/local/gcc-arm-none-eabi-4_9-2015q1/bin/../lib/gcc/arm-none-eabi/4.9.3/../../../../arm-none-eabi/lib/armv6-m/libnosys.a(sbrk.o)
                0x0001a294                _sbrk
 *(.init)
 .init          0x0001a2b0        0x4 /usr/local/gcc-arm-none-eabi-4_9-2015q1/bin/../lib/gcc/arm-none-eabi/4.9.3/armv6-m/crti.o
                0x0001a2b0                _init
 .init          0x0001a2b4        0x8 /usr/local/gcc-arm-none-eabi-4_9-2015q1/bin/../lib/gcc/arm-none-eabi/4.9.3/armv6-m/crtn.o
 *(.fini)
 .fini          0x0001a2bc        0x4 /usr/local/gcc-arm-none-eabi-4_9-2015q1/bin/../lib/gcc/arm-none-eabi/4.9.3/armv6-m/crti.o
                0x0001a2bc                _fini
 .fini          0x0001a2c0        0x8 /usr/local/gcc-arm-none-eabi-4_9-2015q1/bin/../lib/gcc/arm-none-eabi/4.9.3/armv6-m/crtn.o
 *crtbegin.o(.ctors)
 *crtbegin?.o(.ctors)
 *(EXCLUDE_FILE(*crtend.o *crtend?.o) .ctors)
 *(SORT(.ctors.*))
 *(.ctors)
 *crtbegin.o(.dtors)
 *crtbegin?.o(.dtors)
 *(EXCLUDE_FILE(*crtend.o *crtend?.o) .dtors)
 *(SORT(.dtors.*))
 *(.dtors)
 *(.rodata*)
 .rodata.str1.1
                0x0001a2c8        0x2 /usr/local/gcc-arm-none-eabi-4_9-2015q1/bin/../lib/gcc/arm-none-eabi/4.9.3/../../../../arm-none-eabi/lib/armv6-m/libc_nano.a(lib_a-impure.o)
 *fill*         0x0001a2ca        0x2 
 .rodata._global_impure_ptr
                0x0001a2cc        0x4 /usr/local/gcc-arm-none-eabi-4_9-2015q1/bin/../lib/gcc/arm-none-eabi/4.9.3/../../../../arm-none-eabi/lib/armv6-m/libc_nano.a(lib_a-impure.o)
                0x0001a2cc                _global_impure_ptr
 .rodata        0x0001a2d0       0x10 _build/gpio.o
 .rodata.str1.4
                0x0001a2e0       0x18 _build/sofa.o
 .rodata.__sf_fake_stdin
                0x0001a2f8       0x20 /usr/local/gcc-arm-none-eabi-4_9-2015q1/bin/../lib/gcc/arm-none-eabi/4.9.3/../../../../arm-none-eabi/lib/armv6-m/libc_nano.a(lib_a-findfp.o)
                0x0001a2f8                __sf_fake_stdin
 .rodata.__sf_fake_stdout
                0x0001a318       0x20 /usr/local/gcc-arm-none-eabi-4_9-2015q1/bin/../lib/gcc/arm-none-eabi/4.9.3/../../../../arm-none-eabi/lib/armv6-m/libc_nano.a(lib_a-findfp.o)
                0x0001a318                __sf_fake_stdout
 .rodata.__sf_fake_stderr
                0x0001a338       0x20 /usr/local/gcc-arm-none-eabi-4_9-2015q1/bin/../lib/gcc/arm-none-eabi/4.9.3/../../../../arm-none-eabi/lib/armv6-m/libc_nano.a(lib_a-findfp.o)
                0x0001a338                __sf_fake_stderr
 .rodata.str1.1
                0x0001a358       0x11 /usr/local/gcc-arm-none-eabi-4_9-2015q1/bin/../lib/gcc/arm-none-eabi/4.9.3/../../../../arm-none-eabi/lib/armv6-m/libc_nano.a(lib_a-nano-vfprintf.o)
 .rodata.str1.1
                0x0001a369       0x22 /usr/local/gcc-arm-none-eabi-4_9-2015q1/bin/../lib/gcc/arm-none-eabi/4.9.3/../../../../arm-none-eabi/lib/armv6-m/libc_nano.a(lib_a-nano-vfprintf_i.o)
 *(.eh_frame*)
                0x0001a38c                . = ALIGN (0x4)
 *fill*         0x0001a38b        0x1 

.glue_7         0x0001a38c        0x0
 .glue_7        0x00000000        0x0 linker stubs

.glue_7t        0x0001a38c        0x0
 .glue_7t       0x00000000        0x0 linker stubs

.vfp11_veneer   0x0001a38c        0x0
 .vfp11_veneer  0x00000000        0x0 linker stubs

.v4_bx          0x0001a38c        0x0
 .v4_bx         0x00000000        0x0 linker stubs

.iplt           0x0001a38c        0x0
 .iplt          0x00000000        0x0 /usr/local/gcc-arm-none-eabi-4_9-2015q1/bin/../lib/gcc/arm-none-eabi/4.9.3/armv6-m/crtbegin.o

.ARM.extab      0x0001a38c        0x0
 *(.ARM.extab* .gnu.linkonce.armextab.*)
                0x0001a38c                . = ALIGN (0x4)
                0x0001a38c                __exidx_start = .

.ARM.exidx      0x0001a38c        0x8
 *(.ARM.exidx* .gnu.linkonce.armexidx.*)
 .ARM.exidx     0x0001a38c        0x8 /usr/local/gcc-arm-none-eabi-4_9-2015q1/bin/../lib/gcc/arm-none-eabi/4.9.3/../../../../arm-none-eabi/lib/armv6-m/crt0.o
 .ARM.exidx     0x0001a394        0x0 _build/gcc_startup_nrf51.o
                                  0x8 (size before relaxing)
                0x0001a394                . = ALIGN (0x4)
                0x0001a394                __exidx_end = .
                0x0001a394                __etext = .

.rel.dyn        0x0001a394        0x0
 .rel.iplt      0x00000000        0x0 /usr/local/gcc-arm-none-eabi-4_9-2015q1/bin/../lib/gcc/arm-none-eabi/4.9.3/armv6-m/crtbegin.o

.data           0x20002000       0x68 load address 0x0001a394
                0x20002000                __data_start__ = .
 *(vtable)
 *(.data*)
 .data.impure_data
                0x20002000       0x60 /usr/local/gcc-arm-none-eabi-4_9-2015q1/bin/../lib/gcc/arm-none-eabi/4.9.3/../../../../arm-none-eabi/lib/armv6-m/libc_nano.a(lib_a-impure.o)
 .data._impure_ptr
                0x20002060        0x4 /usr/local/gcc-arm-none-eabi-4_9-2015q1/bin/../lib/gcc/arm-none-eabi/4.9.3/../../../../arm-none-eabi/lib/armv6-m/libc_nano.a(lib_a-impure.o)
                0x20002060                _impure_ptr
 .data.m_instance_counter
                0x20002064        0x1 _build/app_uart_fifo.o
                0x20002068                . = ALIGN (0x4)
 *fill*         0x20002065        0x3 
                0x20002068                PROVIDE (__preinit_array_start, .)
 *(.preinit_array)
                0x20002068                PROVIDE (__preinit_array_end, .)
                0x20002068                . = ALIGN (0x4)
                0x20002068                PROVIDE (__init_array_start, .)
 *(SORT(.init_array.*))
 *(.init_array)
                0x20002068                PROVIDE (__init_array_end, .)
                0x20002068                . = ALIGN (0x4)
                0x20002068                PROVIDE (__fini_array_start, .)
 *(SORT(.fini_array.*))
 *(.fini_array)
                0x20002068                PROVIDE (__fini_array_end, .)
 *(.jcr)
                0x20002068                . = ALIGN (0x4)
                0x20002068                __data_end__ = .

.igot.plt       0x20002068        0x0 load address 0x0001a3fc
 .igot.plt      0x00000000        0x0 /usr/local/gcc-arm-none-eabi-4_9-2015q1/bin/../lib/gcc/arm-none-eabi/4.9.3/armv6-m/crtbegin.o

.bss            0x20002068      0x190 load address 0x0001a400
                0x20002068                . = ALIGN (0x4)
                0x20002068                __bss_start__ = .
 *(.bss*)
 .bss.rtc_flag  0x20002068        0x1 _build/rtc.o
 *fill*         0x20002069        0x7 
 .bss.rtc_counter
                0x20002070        0x8 _build/rtc.o
 .bss.rx_buf.6035
                0x20002078        0x4 _build/gpio.o
 .bss.tx_buf.6036
                0x2000207c      0x100 _build/gpio.o
 .bss.lower_byte_generated
                0x2000217c        0x1 _build/rng.o
 *fill*         0x2000217d        0x1 
 .bss.random_value
                0x2000217e        0x2 _build/rng.o
 .bss.m_cb      0x20002180       0x38 _build/nrf_drv_gpiote.o
 .bss.m_event_handler
                0x200021b8        0x4 _build/app_uart_fifo.o
 .bss.m_tx_fifo
                0x200021bc       0x10 _build/app_uart_fifo.o
 .bss.m_current_state
                0x200021cc        0x1 _build/app_uart_fifo.o
 *fill*         0x200021cd        0x3 
 .bss.m_rx_fifo
                0x200021d0       0x10 _build/app_uart_fifo.o
 .bss.__malloc_sbrk_start
                0x200021e0        0x4 /usr/local/gcc-arm-none-eabi-4_9-2015q1/bin/../lib/gcc/arm-none-eabi/4.9.3/../../../../arm-none-eabi/lib/armv6-m/libc_nano.a(lib_a-nano-mallocr.o)
                0x200021e0                __malloc_sbrk_start
 .bss.__malloc_free_list
                0x200021e4        0x4 /usr/local/gcc-arm-none-eabi-4_9-2015q1/bin/../lib/gcc/arm-none-eabi/4.9.3/../../../../arm-none-eabi/lib/armv6-m/libc_nano.a(lib_a-nano-mallocr.o)
                0x200021e4                __malloc_free_list
 .bss.heap_end.4079
                0x200021e8        0x4 /usr/local/gcc-arm-none-eabi-4_9-2015q1/bin/../lib/gcc/arm-none-eabi/4.9.3/../../../../arm-none-eabi/lib/armv6-m/libnosys.a(sbrk.o)
 *(COMMON)
 COMMON         0x200021ec        0x8 _build/sofa.o
                0x200021ec                sofa_message_tx
                0x200021f0                sofa_message_rx
 COMMON         0x200021f4        0x4 /usr/local/gcc-arm-none-eabi-4_9-2015q1/bin/../lib/gcc/arm-none-eabi/4.9.3/../../../../arm-none-eabi/lib/armv6-m/libc_nano.a(lib_a-reent.o)
                0x200021f4                errno
                0x200021f8                . = ALIGN (0x4)
                0x200021f8                __bss_end__ = .

.heap           0x200021f8      0x800
                0x200021f8                __end__ = .
                0x200021f8                end = __end__
 *(.heap*)
 .heap          0x200021f8      0x800 _build/gcc_startup_nrf51.o
                0x200021f8                __HeapBase
                0x200029f8                __HeapLimit = .

.stack_dummy    0x200021f8      0x800
 *(.stack*)
 .stack         0x200021f8      0x800 _build/gcc_startup_nrf51.o
                0x20004000                __StackTop = (ORIGIN (RAM) + 0x2000)
                0x20003800                __StackLimit = (__StackTop - SIZEOF (.stack_dummy))
                0x20004000                PROVIDE (__stack, __StackTop)
                0x00000001                ASSERT ((__StackLimit >= __HeapLimit), region RAM overflowed with stack)
OUTPUT(_build/nrf51422_xxac.out elf32-littlearm)

.ARM.attributes
                0x00000000       0x28
 .ARM.attributes
                0x00000000       0x1e /usr/local/gcc-arm-none-eabi-4_9-2015q1/bin/../lib/gcc/arm-none-eabi/4.9.3/armv6-m/crti.o
 .ARM.attributes
                0x0000001e       0x1b /usr/local/gcc-arm-none-eabi-4_9-2015q1/bin/../lib/gcc/arm-none-eabi/4.9.3/../../../../arm-none-eabi/lib/armv6-m/crt0.o
 .ARM.attributes
                0x00000039       0x2c /usr/local/gcc-arm-none-eabi-4_9-2015q1/bin/../lib/gcc/arm-none-eabi/4.9.3/../../../../arm-none-eabi/lib/armv6-m/libc_nano.a(lib_a-exit.o)
 .ARM.attributes
                0x00000065       0x2c /usr/local/gcc-arm-none-eabi-4_9-2015q1/bin/../lib/gcc/arm-none-eabi/4.9.3/../../../../arm-none-eabi/lib/armv6-m/libc_nano.a(lib_a-impure.o)
 .ARM.attributes
                0x00000091       0x2c /usr/local/gcc-arm-none-eabi-4_9-2015q1/bin/../lib/gcc/arm-none-eabi/4.9.3/../../../../arm-none-eabi/lib/armv6-m/libc_nano.a(lib_a-init.o)
 .ARM.attributes
                0x000000bd       0x2c /usr/local/gcc-arm-none-eabi-4_9-2015q1/bin/../lib/gcc/arm-none-eabi/4.9.3/../../../../arm-none-eabi/lib/armv6-m/libc_nano.a(lib_a-memset.o)
 .ARM.attributes
                0x000000e9       0x2c /usr/local/gcc-arm-none-eabi-4_9-2015q1/bin/../lib/gcc/arm-none-eabi/4.9.3/../../../../arm-none-eabi/lib/armv6-m/libnosys.a(_exit.o)
 .ARM.attributes
                0x00000115       0x31 _build/system_nrf51.o
 .ARM.attributes
                0x00000146       0x31 _build/main.o
 .ARM.attributes
                0x00000177       0x31 _build/rtc.o
 .ARM.attributes
                0x000001a8       0x31 _build/gpio.o
 .ARM.attributes
                0x000001d9       0x31 _build/sofa.o
 .ARM.attributes
                0x0000020a       0x31 _build/rng.o
 .ARM.attributes
                0x0000023b       0x31 _build/radio.o
 .ARM.attributes
                0x0000026c       0x31 _build/nrf_drv_gpiote.o
 .ARM.attributes
                0x0000029d       0x31 _build/nrf_drv_common.o
 .ARM.attributes
                0x000002ce       0x31 _build/app_uart_fifo.o
 .ARM.attributes
                0x000002ff       0x31 _build/app_fifo.o
 .ARM.attributes
                0x00000330       0x31 _build/retarget.o
 .ARM.attributes
                0x00000361       0x1b _build/gcc_startup_nrf51.o
 .ARM.attributes
                0x0000037c       0x2c /usr/local/gcc-arm-none-eabi-4_9-2015q1/bin/../lib/gcc/arm-none-eabi/4.9.3/../../../../arm-none-eabi/lib/armv6-m/libc_nano.a(lib_a-memcpy.o)
 .ARM.attributes
                0x000003a8       0x2c /usr/local/gcc-arm-none-eabi-4_9-2015q1/bin/../lib/gcc/arm-none-eabi/4.9.3/../../../../arm-none-eabi/lib/armv6-m/libc_nano.a(lib_a-printf.o)
 .ARM.attributes
                0x000003d4       0x2c /usr/local/gcc-arm-none-eabi-4_9-2015q1/bin/../lib/gcc/arm-none-eabi/4.9.3/../../../../arm-none-eabi/lib/armv6-m/libc_nano.a(lib_a-findfp.o)
 .ARM.attributes
                0x00000400       0x2c /usr/local/gcc-arm-none-eabi-4_9-2015q1/bin/../lib/gcc/arm-none-eabi/4.9.3/../../../../arm-none-eabi/lib/armv6-m/libc_nano.a(lib_a-fwalk.o)
 .ARM.attributes
                0x0000042c       0x2c /usr/local/gcc-arm-none-eabi-4_9-2015q1/bin/../lib/gcc/arm-none-eabi/4.9.3/../../../../arm-none-eabi/lib/armv6-m/libc_nano.a(lib_a-nano-mallocr.o)
 .ARM.attributes
                0x00000458       0x2c /usr/local/gcc-arm-none-eabi-4_9-2015q1/bin/../lib/gcc/arm-none-eabi/4.9.3/../../../../arm-none-eabi/lib/armv6-m/libc_nano.a(lib_a-nano-vfprintf.o)
 .ARM.attributes
                0x00000484       0x2c /usr/local/gcc-arm-none-eabi-4_9-2015q1/bin/../lib/gcc/arm-none-eabi/4.9.3/../../../../arm-none-eabi/lib/armv6-m/libc_nano.a(lib_a-nano-vfprintf_i.o)
 .ARM.attributes
                0x000004b0       0x2c /usr/local/gcc-arm-none-eabi-4_9-2015q1/bin/../lib/gcc/arm-none-eabi/4.9.3/../../../../arm-none-eabi/lib/armv6-m/libc_nano.a(lib_a-sbrkr.o)
 .ARM.attributes
                0x000004dc       0x2c /usr/local/gcc-arm-none-eabi-4_9-2015q1/bin/../lib/gcc/arm-none-eabi/4.9.3/../../../../arm-none-eabi/lib/armv6-m/libc_nano.a(lib_a-stdio.o)
 .ARM.attributes
                0x00000508       0x2c /usr/local/gcc-arm-none-eabi-4_9-2015q1/bin/../lib/gcc/arm-none-eabi/4.9.3/../../../../arm-none-eabi/lib/armv6-m/libc_nano.a(lib_a-wbuf.o)
 .ARM.attributes
                0x00000534       0x2c /usr/local/gcc-arm-none-eabi-4_9-2015q1/bin/../lib/gcc/arm-none-eabi/4.9.3/../../../../arm-none-eabi/lib/armv6-m/libc_nano.a(lib_a-writer.o)
 .ARM.attributes
                0x00000560       0x2c /usr/local/gcc-arm-none-eabi-4_9-2015q1/bin/../lib/gcc/arm-none-eabi/4.9.3/../../../../arm-none-eabi/lib/armv6-m/libc_nano.a(lib_a-wsetup.o)
 .ARM.attributes
                0x0000058c       0x2c /usr/local/gcc-arm-none-eabi-4_9-2015q1/bin/../lib/gcc/arm-none-eabi/4.9.3/../../../../arm-none-eabi/lib/armv6-m/libc_nano.a(lib_a-closer.o)
 .ARM.attributes
                0x000005b8       0x2c /usr/local/gcc-arm-none-eabi-4_9-2015q1/bin/../lib/gcc/arm-none-eabi/4.9.3/../../../../arm-none-eabi/lib/armv6-m/libc_nano.a(lib_a-fflush.o)
 .ARM.attributes
                0x000005e4       0x2c /usr/local/gcc-arm-none-eabi-4_9-2015q1/bin/../lib/gcc/arm-none-eabi/4.9.3/../../../../arm-none-eabi/lib/armv6-m/libc_nano.a(lib_a-lseekr.o)
 .ARM.attributes
                0x00000610       0x2c /usr/local/gcc-arm-none-eabi-4_9-2015q1/bin/../lib/gcc/arm-none-eabi/4.9.3/../../../../arm-none-eabi/lib/armv6-m/libc_nano.a(lib_a-makebuf.o)
 .ARM.attributes
                0x0000063c       0x2c /usr/local/gcc-arm-none-eabi-4_9-2015q1/bin/../lib/gcc/arm-none-eabi/4.9.3/../../../../arm-none-eabi/lib/armv6-m/libc_nano.a(lib_a-memchr.o)
 .ARM.attributes
                0x00000668       0x2c /usr/local/gcc-arm-none-eabi-4_9-2015q1/bin/../lib/gcc/arm-none-eabi/4.9.3/../../../../arm-none-eabi/lib/armv6-m/libc_nano.a(lib_a-nano-freer.o)
 .ARM.attributes
                0x00000694       0x2c /usr/local/gcc-arm-none-eabi-4_9-2015q1/bin/../lib/gcc/arm-none-eabi/4.9.3/../../../../arm-none-eabi/lib/armv6-m/libc_nano.a(lib_a-readr.o)
 .ARM.attributes
                0x000006c0       0x2c /usr/local/gcc-arm-none-eabi-4_9-2015q1/bin/../lib/gcc/arm-none-eabi/4.9.3/../../../../arm-none-eabi/lib/armv6-m/libc_nano.a(lib_a-reent.o)
 .ARM.attributes
                0x000006ec       0x2c /usr/local/gcc-arm-none-eabi-4_9-2015q1/bin/../lib/gcc/arm-none-eabi/4.9.3/../../../../arm-none-eabi/lib/armv6-m/libc_nano.a(lib_a-fstatr.o)
 .ARM.attributes
                0x00000718       0x2c /usr/local/gcc-arm-none-eabi-4_9-2015q1/bin/../lib/gcc/arm-none-eabi/4.9.3/../../../../arm-none-eabi/lib/armv6-m/libc_nano.a(lib_a-isattyr.o)
 .ARM.attributes
                0x00000744       0x1e /usr/local/gcc-arm-none-eabi-4_9-2015q1/bin/../lib/gcc/arm-none-eabi/4.9.3/armv6-m/libgcc.a(_udivsi3.o)
 .ARM.attributes
                0x00000762       0x1e /usr/local/gcc-arm-none-eabi-4_9-2015q1/bin/../lib/gcc/arm-none-eabi/4.9.3/armv6-m/libgcc.a(_dvmd_tls.o)
 .ARM.attributes
                0x00000780       0x1e /usr/local/gcc-arm-none-eabi-4_9-2015q1/bin/../lib/gcc/arm-none-eabi/4.9.3/armv6-m/crtn.o
 .ARM.attributes
                0x0000079e       0x2c /usr/local/gcc-arm-none-eabi-4_9-2015q1/bin/../lib/gcc/arm-none-eabi/4.9.3/../../../../arm-none-eabi/lib/armv6-m/libnosys.a(close.o)
 .ARM.attributes
                0x000007ca       0x2c /usr/local/gcc-arm-none-eabi-4_9-2015q1/bin/../lib/gcc/arm-none-eabi/4.9.3/../../../../arm-none-eabi/lib/armv6-m/libnosys.a(fstat.o)
 .ARM.attributes
                0x000007f6       0x2c /usr/local/gcc-arm-none-eabi-4_9-2015q1/bin/../lib/gcc/arm-none-eabi/4.9.3/../../../../arm-none-eabi/lib/armv6-m/libnosys.a(isatty.o)
 .ARM.attributes
                0x00000822       0x2c /usr/local/gcc-arm-none-eabi-4_9-2015q1/bin/../lib/gcc/arm-none-eabi/4.9.3/../../../../arm-none-eabi/lib/armv6-m/libnosys.a(lseek.o)
 .ARM.attributes
                0x0000084e       0x2c /usr/local/gcc-arm-none-eabi-4_9-2015q1/bin/../lib/gcc/arm-none-eabi/4.9.3/../../../../arm-none-eabi/lib/armv6-m/libnosys.a(sbrk.o)

.comment        0x00000000       0x70
 .comment       0x00000000       0x70 _build/system_nrf51.o
                                 0x71 (size before relaxing)
 .comment       0x00000000       0x71 _build/main.o
 .comment       0x00000000       0x71 _build/rtc.o
 .comment       0x00000000       0x71 _build/gpio.o
 .comment       0x00000000       0x71 _build/sofa.o
 .comment       0x00000000       0x71 _build/rng.o
 .comment       0x00000000       0x71 _build/radio.o
 .comment       0x00000000       0x71 _build/nrf_drv_gpiote.o
 .comment       0x00000000       0x71 _build/nrf_drv_common.o
 .comment       0x00000000       0x71 _build/app_uart_fifo.o
 .comment       0x00000000       0x71 _build/app_fifo.o
 .comment       0x00000000       0x71 _build/retarget.o

.debug_frame    0x00000000      0x7e4
 .debug_frame   0x00000000       0x28 /usr/local/gcc-arm-none-eabi-4_9-2015q1/bin/../lib/gcc/arm-none-eabi/4.9.3/../../../../arm-none-eabi/lib/armv6-m/libc_nano.a(lib_a-exit.o)
 .debug_frame   0x00000028       0x2c /usr/local/gcc-arm-none-eabi-4_9-2015q1/bin/../lib/gcc/arm-none-eabi/4.9.3/../../../../arm-none-eabi/lib/armv6-m/libc_nano.a(lib_a-init.o)
 .debug_frame   0x00000054       0x20 /usr/local/gcc-arm-none-eabi-4_9-2015q1/bin/../lib/gcc/arm-none-eabi/4.9.3/../../../../arm-none-eabi/lib/armv6-m/libc_nano.a(lib_a-memset.o)
 .debug_frame   0x00000074       0x20 /usr/local/gcc-arm-none-eabi-4_9-2015q1/bin/../lib/gcc/arm-none-eabi/4.9.3/../../../../arm-none-eabi/lib/armv6-m/libnosys.a(_exit.o)
 .debug_frame   0x00000094       0x28 /usr/local/gcc-arm-none-eabi-4_9-2015q1/bin/../lib/gcc/arm-none-eabi/4.9.3/../../../../arm-none-eabi/lib/armv6-m/libc_nano.a(lib_a-memcpy.o)
 .debug_frame   0x000000bc       0x50 /usr/local/gcc-arm-none-eabi-4_9-2015q1/bin/../lib/gcc/arm-none-eabi/4.9.3/../../../../arm-none-eabi/lib/armv6-m/libc_nano.a(lib_a-printf.o)
 .debug_frame   0x0000010c      0x140 /usr/local/gcc-arm-none-eabi-4_9-2015q1/bin/../lib/gcc/arm-none-eabi/4.9.3/../../../../arm-none-eabi/lib/armv6-m/libc_nano.a(lib_a-findfp.o)
 .debug_frame   0x0000024c       0x58 /usr/local/gcc-arm-none-eabi-4_9-2015q1/bin/../lib/gcc/arm-none-eabi/4.9.3/../../../../arm-none-eabi/lib/armv6-m/libc_nano.a(lib_a-fwalk.o)
 .debug_frame   0x000002a4       0x2c /usr/local/gcc-arm-none-eabi-4_9-2015q1/bin/../lib/gcc/arm-none-eabi/4.9.3/../../../../arm-none-eabi/lib/armv6-m/libc_nano.a(lib_a-nano-mallocr.o)
 .debug_frame   0x000002d0       0xa0 /usr/local/gcc-arm-none-eabi-4_9-2015q1/bin/../lib/gcc/arm-none-eabi/4.9.3/../../../../arm-none-eabi/lib/armv6-m/libc_nano.a(lib_a-nano-vfprintf.o)
 .debug_frame   0x00000370       0x54 /usr/local/gcc-arm-none-eabi-4_9-2015q1/bin/../lib/gcc/arm-none-eabi/4.9.3/../../../../arm-none-eabi/lib/armv6-m/libc_nano.a(lib_a-nano-vfprintf_i.o)
 .debug_frame   0x000003c4       0x2c /usr/local/gcc-arm-none-eabi-4_9-2015q1/bin/../lib/gcc/arm-none-eabi/4.9.3/../../../../arm-none-eabi/lib/armv6-m/libc_nano.a(lib_a-sbrkr.o)
 .debug_frame   0x000003f0       0x90 /usr/local/gcc-arm-none-eabi-4_9-2015q1/bin/../lib/gcc/arm-none-eabi/4.9.3/../../../../arm-none-eabi/lib/armv6-m/libc_nano.a(lib_a-stdio.o)
 .debug_frame   0x00000480       0x44 /usr/local/gcc-arm-none-eabi-4_9-2015q1/bin/../lib/gcc/arm-none-eabi/4.9.3/../../../../arm-none-eabi/lib/armv6-m/libc_nano.a(lib_a-wbuf.o)
 .debug_frame   0x000004c4       0x2c /usr/local/gcc-arm-none-eabi-4_9-2015q1/bin/../lib/gcc/arm-none-eabi/4.9.3/../../../../arm-none-eabi/lib/armv6-m/libc_nano.a(lib_a-writer.o)
 .debug_frame   0x000004f0       0x2c /usr/local/gcc-arm-none-eabi-4_9-2015q1/bin/../lib/gcc/arm-none-eabi/4.9.3/../../../../arm-none-eabi/lib/armv6-m/libc_nano.a(lib_a-wsetup.o)
 .debug_frame   0x0000051c       0x2c /usr/local/gcc-arm-none-eabi-4_9-2015q1/bin/../lib/gcc/arm-none-eabi/4.9.3/../../../../arm-none-eabi/lib/armv6-m/libc_nano.a(lib_a-closer.o)
 .debug_frame   0x00000548       0x68 /usr/local/gcc-arm-none-eabi-4_9-2015q1/bin/../lib/gcc/arm-none-eabi/4.9.3/../../../../arm-none-eabi/lib/armv6-m/libc_nano.a(lib_a-fflush.o)
 .debug_frame   0x000005b0       0x2c /usr/local/gcc-arm-none-eabi-4_9-2015q1/bin/../lib/gcc/arm-none-eabi/4.9.3/../../../../arm-none-eabi/lib/armv6-m/libc_nano.a(lib_a-lseekr.o)
 .debug_frame   0x000005dc       0x30 /usr/local/gcc-arm-none-eabi-4_9-2015q1/bin/../lib/gcc/arm-none-eabi/4.9.3/../../../../arm-none-eabi/lib/armv6-m/libc_nano.a(lib_a-makebuf.o)
 .debug_frame   0x0000060c       0x20 /usr/local/gcc-arm-none-eabi-4_9-2015q1/bin/../lib/gcc/arm-none-eabi/4.9.3/../../../../arm-none-eabi/lib/armv6-m/libc_nano.a(lib_a-memchr.o)
 .debug_frame   0x0000062c       0x2c /usr/local/gcc-arm-none-eabi-4_9-2015q1/bin/../lib/gcc/arm-none-eabi/4.9.3/../../../../arm-none-eabi/lib/armv6-m/libc_nano.a(lib_a-nano-freer.o)
 .debug_frame   0x00000658       0x2c /usr/local/gcc-arm-none-eabi-4_9-2015q1/bin/../lib/gcc/arm-none-eabi/4.9.3/../../../../arm-none-eabi/lib/armv6-m/libc_nano.a(lib_a-readr.o)
 .debug_frame   0x00000684       0x48 /usr/local/gcc-arm-none-eabi-4_9-2015q1/bin/../lib/gcc/arm-none-eabi/4.9.3/../../../../arm-none-eabi/lib/armv6-m/libc_nano.a(lib_a-reent.o)
 .debug_frame   0x000006cc       0x2c /usr/local/gcc-arm-none-eabi-4_9-2015q1/bin/../lib/gcc/arm-none-eabi/4.9.3/../../../../arm-none-eabi/lib/armv6-m/libc_nano.a(lib_a-fstatr.o)
 .debug_frame   0x000006f8       0x2c /usr/local/gcc-arm-none-eabi-4_9-2015q1/bin/../lib/gcc/arm-none-eabi/4.9.3/../../../../arm-none-eabi/lib/armv6-m/libc_nano.a(lib_a-isattyr.o)
 .debug_frame   0x00000724       0x20 /usr/local/gcc-arm-none-eabi-4_9-2015q1/bin/../lib/gcc/arm-none-eabi/4.9.3/armv6-m/libgcc.a(_udivsi3.o)
 .debug_frame   0x00000744       0x20 /usr/local/gcc-arm-none-eabi-4_9-2015q1/bin/../lib/gcc/arm-none-eabi/4.9.3/../../../../arm-none-eabi/lib/armv6-m/libnosys.a(close.o)
 .debug_frame   0x00000764       0x20 /usr/local/gcc-arm-none-eabi-4_9-2015q1/bin/../lib/gcc/arm-none-eabi/4.9.3/../../../../arm-none-eabi/lib/armv6-m/libnosys.a(fstat.o)
 .debug_frame   0x00000784       0x20 /usr/local/gcc-arm-none-eabi-4_9-2015q1/bin/../lib/gcc/arm-none-eabi/4.9.3/../../../../arm-none-eabi/lib/armv6-m/libnosys.a(isatty.o)
 .debug_frame   0x000007a4       0x20 /usr/local/gcc-arm-none-eabi-4_9-2015q1/bin/../lib/gcc/arm-none-eabi/4.9.3/../../../../arm-none-eabi/lib/armv6-m/libnosys.a(lseek.o)
 .debug_frame   0x000007c4       0x20 /usr/local/gcc-arm-none-eabi-4_9-2015q1/bin/../lib/gcc/arm-none-eabi/4.9.3/../../../../arm-none-eabi/lib/armv6-m/libnosys.a(sbrk.o)

.stab           0x00000000       0x6c
 .stab          0x00000000       0x24 /usr/local/gcc-arm-none-eabi-4_9-2015q1/bin/../lib/gcc/arm-none-eabi/4.9.3/../../../../arm-none-eabi/lib/armv6-m/libnosys.a(close.o)
 .stab          0x00000024       0x18 /usr/local/gcc-arm-none-eabi-4_9-2015q1/bin/../lib/gcc/arm-none-eabi/4.9.3/../../../../arm-none-eabi/lib/armv6-m/libnosys.a(fstat.o)
                                 0x24 (size before relaxing)
 .stab          0x0000003c       0x18 /usr/local/gcc-arm-none-eabi-4_9-2015q1/bin/../lib/gcc/arm-none-eabi/4.9.3/../../../../arm-none-eabi/lib/armv6-m/libnosys.a(isatty.o)
                                 0x24 (size before relaxing)
 .stab          0x00000054       0x18 /usr/local/gcc-arm-none-eabi-4_9-2015q1/bin/../lib/gcc/arm-none-eabi/4.9.3/../../../../arm-none-eabi/lib/armv6-m/libnosys.a(lseek.o)
                                 0x24 (size before relaxing)

.stabstr        0x00000000       0xe3
 .stabstr       0x00000000       0xe3 /usr/local/gcc-arm-none-eabi-4_9-2015q1/bin/../lib/gcc/arm-none-eabi/4.9.3/../../../../arm-none-eabi/lib/armv6-m/libnosys.a(close.o)
